332781	ID:6	Rime started with address 6.0
342148	ID:6	MAC 06:00:00:00:00:00:00:00 Contiki-3.x-3345-g32b5b17f6 started. Node id is set to 6.
351653	ID:6	nullsec CSMA ContikiMAC, channel check rate 32 Hz, radio channel 26
353357	ID:6	Starting 'App process'
355676	ID:6	App: I am normal node 06:00
359027	ID:6	Node 06:00 is initializing rp connection
367578	ID:8	Rime started with address 8.0
376945	ID:8	MAC 08:00:00:00:00:00:00:00 Contiki-3.x-3345-g32b5b17f6 started. Node id is set to 8.
385805	ID:3	Rime started with address 3.0
386450	ID:8	nullsec CSMA ContikiMAC, channel check rate 32 Hz, radio channel 26
388154	ID:8	Starting 'App process'
390473	ID:8	App: I am normal node 08:00
393824	ID:8	Node 08:00 is initializing rp connection
395175	ID:3	MAC 03:00:00:00:00:00:00:00 Contiki-3.x-3345-g32b5b17f6 started. Node id is set to 3.
398155	ID:2	Rime started with address 2.0
404680	ID:3	nullsec CSMA ContikiMAC, channel check rate 32 Hz, radio channel 26
406383	ID:3	Starting 'App process'
407522	ID:2	MAC 02:00:00:00:00:00:00:00 Contiki-3.x-3345-g32b5b17f6 started. Node id is set to 2.
408705	ID:3	App: I am normal node 03:00
412056	ID:3	Node 03:00 is initializing rp connection
417028	ID:2	nullsec CSMA ContikiMAC, channel check rate 32 Hz, radio channel 26
418731	ID:2	Starting 'App process'
421050	ID:2	App: I am normal node 02:00
424402	ID:2	Node 02:00 is initializing rp connection
445331	ID:7	Rime started with address 7.0
454700	ID:7	MAC 07:00:00:00:00:00:00:00 Contiki-3.x-3345-g32b5b17f6 started. Node id is set to 7.
464206	ID:7	nullsec CSMA ContikiMAC, channel check rate 32 Hz, radio channel 26
465909	ID:7	Starting 'App process'
468228	ID:7	App: I am normal node 07:00
471579	ID:7	Node 07:00 is initializing rp connection
491599	ID:5	Rime started with address 5.0
500969	ID:5	MAC 05:00:00:00:00:00:00:00 Contiki-3.x-3345-g32b5b17f6 started. Node id is set to 5.
510474	ID:5	nullsec CSMA ContikiMAC, channel check rate 32 Hz, radio channel 26
512178	ID:5	Starting 'App process'
514499	ID:5	App: I am normal node 05:00
517850	ID:5	Node 05:00 is initializing rp connection
691564	ID:10	Rime started with address 10.0
701087	ID:10	MAC 0a:00:00:00:00:00:00:00 Contiki-3.x-3345-g32b5b17f6 started. Node id is set to 10.
710592	ID:10	nullsec CSMA ContikiMAC, channel check rate 32 Hz, radio channel 26
712295	ID:10	Starting 'App process'
714616	ID:10	App: I am normal node 0a:00
717969	ID:10	Node 0a:00 is initializing rp connection
776547	ID:9	Rime started with address 9.0
785917	ID:9	MAC 09:00:00:00:00:00:00:00 Contiki-3.x-3345-g32b5b17f6 started. Node id is set to 9.
795422	ID:9	nullsec CSMA ContikiMAC, channel check rate 32 Hz, radio channel 26
797125	ID:9	Starting 'App process'
799445	ID:9	App: I am normal node 09:00
802797	ID:9	Node 09:00 is initializing rp connection
1116546	ID:4	Rime started with address 4.0
1125914	ID:4	MAC 04:00:00:00:00:00:00:00 Contiki-3.x-3345-g32b5b17f6 started. Node id is set to 4.
1135419	ID:4	nullsec CSMA ContikiMAC, channel check rate 32 Hz, radio channel 26
1137123	ID:4	Starting 'App process'
1139444	ID:4	App: I am normal node 04:00
1142795	ID:4	Node 04:00 is initializing rp connection
1262640	ID:1	Rime started with address 1.0
1272010	ID:1	MAC 01:00:00:00:00:00:00:00 Contiki-3.x-3345-g32b5b17f6 started. Node id is set to 1.
1281515	ID:1	nullsec CSMA ContikiMAC, channel check rate 32 Hz, radio channel 26
1283218	ID:1	Starting 'App process'
1285064	ID:1	App: I am sink 01:00
1288550	ID:1	Node 01:00 is initializing rp connection
2286852	ID:1	rp-tree-build: sending beacon: seqn 1 metric 0.00
2321744	ID:7	rp-tree-build: updating parent from 01:00 to 01:00, new metric 1.75, new hops 1 (received beacon seqn 1)
2332726	ID:6	rp-tree-build: updating parent from 01:00 to 01:00, new metric 2.62, new hops 1 (received beacon seqn 1)
2335302	ID:2	rp-tree-build: updating parent from 01:00 to 01:00, new metric 6.06, new hops 1 (received beacon seqn 1)
2335323	ID:5	rp-tree-build: updating parent from 01:00 to 01:00, new metric 8.00, new hops 1 (received beacon seqn 1)
2438866	ID:7	rp-tree-build: sending beacon: seqn 1 metric 1.75
2473711	ID:1	rp-tree-build: new child 07:00, my metric 0.00, my seqn 1
2473883	ID:10	rp-tree-build: updating parent from 07:00 to 07:00, new metric 10.87, new hops 2 (received beacon seqn 1)
2483826	ID:2	rp-tree-build: new neighbor 07:00, my metric 6.06, my seqn 1
2483905	ID:6	rp-tree-build: new neighbor 07:00, my metric 2.62, my seqn 1
2486317	ID:5	rp-tree-build: new neighbor 07:00, my metric 8.00, my seqn 1
2578378	ID:5	rp-tree-build: sending beacon: seqn 1 metric 8.00
2611531	ID:2	rp-tree-build: new neighbor 05:00, my metric 6.06, my seqn 1
2626377	ID:7	rp-tree-build: new neighbor 05:00, my metric 1.75, my seqn 1
2629888	ID:1	rp-tree-build: new child 05:00, my metric 0.00, my seqn 1
2638740	ID:6	rp-tree-build: sending beacon: seqn 1 metric 2.62
2641525	ID:2	rp-tree-build: sending beacon: seqn 1 metric 6.06
2662648	ID:1	rp-tree-build: new child 06:00, my metric 0.00, my seqn 1
2673057	ID:2	rp-tree-build: new neighbor 06:00, my metric 6.06, my seqn 1
2679503	ID:4	rp-tree-build: updating parent from 06:00 to 06:00, new metric 8.50, new hops 2 (received beacon seqn 1)
2689560	ID:7	rp-tree-build: new neighbor 06:00, my metric 1.75, my seqn 1
2732630	ID:6	rp-tree-build: new neighbor 02:00, my metric 2.62, my seqn 1
2733997	ID:5	rp-tree-build: new neighbor 02:00, my metric 8.00, my seqn 1
2751756	ID:7	rp-tree-build: new neighbor 02:00, my metric 1.75, my seqn 1
2755577	ID:1	rp-tree-build: new child 02:00, my metric 0.00, my seqn 1
2778770	ID:10	rp-tree-build: sending beacon: seqn 1 metric 10.87
2815887	ID:7	rp-tree-build: new child 0a:00, my metric 1.75, my seqn 1
2824945	ID:3	rp-tree-build: updating parent from 0a:00 to 0a:00, new metric 15.50, new hops 3 (received beacon seqn 1)
2841853	ID:9	rp-tree-build: updating parent from 0a:00 to 0a:00, new metric 20.31, new hops 3 (received beacon seqn 1)
2859985	ID:4	rp-tree-build: sending beacon: seqn 1 metric 8.50
2888376	ID:6	rp-tree-build: new child 04:00, my metric 2.62, my seqn 1
2941879	ID:3	rp-tree-build: sending beacon: seqn 1 metric 15.50
2967778	ID:10	rp-tree-build: new child 03:00, my metric 10.87, my seqn 1
2989877	ID:9	rp-tree-build: new neighbor 03:00, my metric 20.31, my seqn 1
2993640	ID:8	rp-tree-build: updating parent from 03:00 to 03:00, new metric 24.43, new hops 4 (received beacon seqn 1)
3082630	ID:9	rp-tree-build: sending beacon: seqn 1 metric 20.31
3111462	ID:8	rp-tree-build: new neighbor 09:00, my metric 24.43, my seqn 1
3124929	ID:10	rp-tree-build: new child 09:00, my metric 10.87, my seqn 1
3130477	ID:3	rp-tree-build: new neighbor 09:00, my metric 15.50, my seqn 1
3173672	ID:8	rp-tree-build: sending beacon: seqn 1 metric 24.43
3207882	ID:9	rp-tree-build: new neighbor 08:00, my metric 20.31, my seqn 1
3224125	ID:3	rp-tree-build: new child 08:00, my metric 15.50, my seqn 1
4557945	ID:10	[LOG] Node 0a:00 RECEIVED packet from 03:00 originally sent by 03:00 (hops: 1)
4558100	ID:10	
4559201	ID:3	rp: Packet sent successfully (ACK received), retransmissions: 1
4561390	ID:10	[TOPOLOGY REPORT] Received from Child 03:00
4564320	ID:10	------------------------------------------
4566022	ID:10	 Node Address  | Status 
4568973	ID:10	------------------------------------------
4570671	ID:10	 08:00        | Added
4573600	ID:10	------------------------------------------
4573668	ID:10	
4578306	ID:10	topology-report: report from child 03:00
4583190	ID:10	topology-report: new descendant 08:00, from child 03:00
4810412	ID:10	rp: Packet sent successfully (ACK received), retransmissions: 1
4810780	ID:7	[LOG] Node 07:00 RECEIVED packet from 0a:00 originally sent by 0a:00 (hops: 1)
4810987	ID:7	
4814189	ID:7	[TOPOLOGY REPORT] Received from Child 0a:00
4817118	ID:7	------------------------------------------
4818821	ID:7	 Node Address  | Status 
4821751	ID:7	------------------------------------------
4823448	ID:7	 03:00        | Added
4825145	ID:7	 09:00        | Added
4826843	ID:7	 08:00        | Added
4830545	ID:7	------------------------------------------
4830613	ID:7	
4834338	ID:7	topology-report: report from child 0a:00
4839304	ID:7	topology-report: new descendant 03:00, from child 0a:00
4843832	ID:7	topology-report: new descendant 09:00, from child 0a:00
4848406	ID:7	topology-report: new descendant 08:00, from child 0a:00
4970408	ID:7	rp: Packet sent successfully (ACK received), retransmissions: 1
4970967	ID:1	[LOG] Node 01:00 RECEIVED packet from 07:00 originally sent by 07:00 (hops: 1)
4971104	ID:1	
4974305	ID:1	[TOPOLOGY REPORT] Received from Child 07:00
4977234	ID:1	------------------------------------------
4978937	ID:1	 Node Address  | Status 
4981867	ID:1	------------------------------------------
4983565	ID:1	 0a:00        | Added
4985351	ID:1	 03:00        | Added
4987049	ID:1	 09:00        | Added
4988747	ID:1	 08:00        | Added
4993108	ID:1	------------------------------------------
4993217	ID:1	
4996212	ID:1	topology-report: report from child 07:00
5001185	ID:1	topology-report: new descendant 0a:00, from child 07:00
5005682	ID:1	topology-report: new descendant 03:00, from child 07:00
5010213	ID:1	topology-report: new descendant 09:00, from child 07:00
5014761	ID:1	topology-report: new descendant 08:00, from child 07:00
7346283	ID:1	[LOG] Node 01:00 RECEIVED packet from 06:00 originally sent by 06:00 (hops: 1)
7346455	ID:1	
7347271	ID:6	rp: Packet sent successfully (ACK received), retransmissions: 1
7349655	ID:1	[TOPOLOGY REPORT] Received from Child 06:00
7352610	ID:1	------------------------------------------
7354313	ID:1	 Node Address  | Status 
7357243	ID:1	------------------------------------------
7359003	ID:1	 04:00        | Added
7361932	ID:1	------------------------------------------
7362000	ID:1	
7364995	ID:1	topology-report: report from child 06:00
7371482	ID:1	topology-report: new descendant 04:00, from child 06:00
15359538	ID:6	Energest: 0 24939 466521 742 13691
15394330	ID:8	Energest: 0 22802 468658 599 13471
15412904	ID:3	Energest: 0 25484 465975 1240 14127
15424911	ID:2	Energest: 0 24418 467042 599 13579
15472085	ID:7	Energest: 0 27109 464351 831 14257
15518361	ID:5	Energest: 0 23632 467827 598 13421
15718536	ID:10	Energest: 0 26618 464833 1106 14471
15803304	ID:9	Energest: 0 23905 467554 597 13818
16143299	ID:4	Energest: 0 23121 468339 605 13142
16289391	ID:1	Energest: 0 26931 464529 601 14003
30358650	ID:6	Energest: 1 18843 472673 0 12960
30393484	ID:8	Energest: 1 18925 472591 0 12960
30411671	ID:3	Energest: 1 18871 472645 0 12960
30424023	ID:2	Energest: 1 18835 472681 0 12960
30471203	ID:7	Energest: 1 18814 472702 0 12960
30517469	ID:5	Energest: 1 18784 472732 0 12960
30717312	ID:10	Energest: 1 18791 472725 0 12960
30802413	ID:9	Energest: 1 18811 472705 0 12960
31142419	ID:4	Energest: 1 18736 472780 0 12960
31288511	ID:1	Energest: 1 18712 472804 0 12960
45358834	ID:6	Energest: 2 20434 471089 0 12960
45393634	ID:8	Energest: 2 20435 471088 0 12960
45411874	ID:3	Energest: 2 20488 471036 0 12960
45424207	ID:2	Energest: 2 20434 471089 0 12960
45471408	ID:7	Energest: 2 20494 471030 0 12960
45517650	ID:5	Energest: 2 20434 471089 0 12960
45717513	ID:10	Energest: 2 20523 471001 0 12960
45802616	ID:9	Energest: 2 20488 471036 0 12960
45817705	ID:5	App: Send seqn 0 to 06:00
45822727	ID:5	[LOG] Node 05:00 is SENDING packet to 06:00 via next-hop 01:00
45826201	ID:5	--------------------------------------------------
45828378	ID:5	Routing Table for node 05:00
45831302	ID:5	Parent: 01:00   |   Metric: 128.00
45834776	ID:5	--------------------------------------------------
45838795	ID:5	   Dest    |  Next Hop |   Type   |  Metric |  Age (ticks)
45842269	ID:5	--------------------------------------------------
45850643	ID:5	 01:00     | 01:00     |   PARENT | 8.01 |       5571
45858065	ID:5	 07:00     | 07:00     | NEIGHBOR | 10.84 |       5551
45865289	ID:5	 02:00     | 02:00     | NEIGHBOR | 7.06 |       5521
45868763	ID:5	--------------------------------------------------
45868857	ID:5	
45910590	ID:1	[LOG] Node 01:00 RECEIVED packet from 05:00 originally sent by 05:00 (hops: 1)
45911200	ID:5	rp: Packet sent successfully (ACK received), retransmissions: 1
45917891	ID:1	[LOG] Node 01:00 is FORWARDING packet from 05:00 to destination 06:00 via next-hop 06:00
45921365	ID:1	--------------------------------------------------
45923541	ID:1	Routing Table for node 01:00
45926188	ID:1	Parent: 00:00   |   Metric: 0.00
45931149	ID:1	--------------------------------------------------
45935168	ID:1	   Dest    |  Next Hop |   Type   |  Metric |  Age (ticks)
45938643	ID:1	--------------------------------------------------
45945920	ID:1	 07:00     | 07:00     |    CHILD | 3.47 |       5244
45952347	ID:1	 05:00     | 05:00     |    CHILD | 16.02 |          5
45960490	ID:1	 06:00     | 06:00     |    CHILD | 5.24 |       4942
45968844	ID:1	 02:00     | 02:00     |    CHILD | 12.10 |       5532
45976715	ID:1	 0a:00     | 07:00     | DESCENDANT | 4095.93 |       5725
45984585	ID:1	 03:00     | 07:00     | DESCENDANT | 4095.93 |       5726
45994116	ID:1	 09:00     | 07:00     | DESCENDANT | 4095.93 |       5727
46001987	ID:1	 08:00     | 07:00     | DESCENDANT | 4095.93 |       5728
46009857	ID:1	 04:00     | 06:00     | DESCENDANT | 4095.93 |       5729
46013331	ID:1	--------------------------------------------------
46013399	ID:1	
46042508	ID:1	rp: Packet sent successfully (ACK received), retransmissions: 1
46043231	ID:6	[LOG] Node 06:00 RECEIVED packet from 01:00 originally sent by 05:00 (hops: 2)
46046143	ID:6	App: Recv from 05:00 seqn 0 hops 2
46142620	ID:4	Energest: 2 20485 471039 0 12960
46289366	ID:1	Energest: 2 24979 466544 229 13359
48465925	ID:2	App: Send seqn 0 to 07:00
48472619	ID:2	[LOG] Node 02:00 is SENDING packet to 07:00 via next-hop 07:00
48476094	ID:2	--------------------------------------------------
48478271	ID:2	Routing Table for node 02:00
48481046	ID:2	Parent: 01:00   |   Metric: 97.00
48484520	ID:2	--------------------------------------------------
48488540	ID:2	   Dest    |  Next Hop |   Type   |  Metric |  Age (ticks)
48492014	ID:2	--------------------------------------------------
48498725	ID:2	 01:00     | 01:00     |   PARENT | 6.03 |       5910
48507562	ID:2	 07:00     | 07:00     | NEIGHBOR | 9.59 |       5891
48514360	ID:2	 05:00     | 05:00     | NEIGHBOR | 9.00 |       5875
48521848	ID:2	 06:00     | 06:00     | NEIGHBOR | 11.90 |       5869
48525323	ID:2	--------------------------------------------------
48525415	ID:2	
48559132	ID:2	rp: Packet sent successfully (ACK received), retransmissions: 1
48559513	ID:7	[LOG] Node 07:00 RECEIVED packet from 02:00 originally sent by 02:00 (hops: 1)
48562387	ID:7	App: Recv from 02:00 seqn 0 hops 1
52008956	ID:9	App: Send seqn 0 to 08:00
52014057	ID:9	[LOG] Node 09:00 is SENDING packet to 08:00 via next-hop 08:00
52017531	ID:9	--------------------------------------------------
52019708	ID:9	Routing Table for node 09:00
52022633	ID:9	Parent: 0a:00   |   Metric: 325.00
52026108	ID:9	--------------------------------------------------
52030126	ID:9	   Dest    |  Next Hop |   Type   |  Metric |  Age (ticks)
52033601	ID:9	--------------------------------------------------
52042539	ID:9	 0a:00     | 0a:00     |   PARENT | 20.33 |       6298
52050014	ID:9	 03:00     | 03:00     | NEIGHBOR | 17.76 |       6280
52057480	ID:9	 08:00     | 08:00     | NEIGHBOR | 30.29 |       6253
52060953	ID:9	--------------------------------------------------
52061022	ID:9	
52107027	ID:9	rp: Packet sent successfully (ACK received), retransmissions: 1
52107277	ID:8	[LOG] Node 08:00 RECEIVED packet from 09:00 originally sent by 09:00 (hops: 1)
52110115	ID:8	App: Recv from 09:00 seqn 0 hops 1
53447212	ID:1	App: Send seqn 0 to 02:00
53452302	ID:1	[LOG] Node 01:00 is SENDING packet to 02:00 via next-hop 02:00
53455776	ID:1	--------------------------------------------------
53457952	ID:1	Routing Table for node 01:00
53462186	ID:1	Parent: 00:00   |   Metric: 0.00
53465661	ID:1	--------------------------------------------------
53469679	ID:1	   Dest    |  Next Hop |   Type   |  Metric |  Age (ticks)
53473154	ID:1	--------------------------------------------------
53480368	ID:1	 07:00     | 07:00     |    CHILD | 3.47 |       6208
53487442	ID:1	 05:00     | 05:00     |    CHILD | 16.02 |        969
53495929	ID:1	 06:00     | 06:00     |    CHILD | 5.08 |        953
53503394	ID:1	 02:00     | 02:00     |    CHILD | 12.10 |       6496
53511175	ID:1	 0a:00     | 07:00     | DESCENDANT | 4095.93 |       6689
53518981	ID:1	 03:00     | 07:00     | DESCENDANT | 4095.93 |       6690
53528389	ID:1	 09:00     | 07:00     | DESCENDANT | 4095.93 |       6691
53536259	ID:1	 08:00     | 07:00     | DESCENDANT | 4095.93 |       6692
53544122	ID:1	 04:00     | 06:00     | DESCENDANT | 4095.93 |       6693
53547595	ID:1	--------------------------------------------------
53547665	ID:1	
53574401	ID:1	rp: Packet sent successfully (ACK received), retransmissions: 1
53574952	ID:2	[LOG] Node 02:00 RECEIVED packet from 01:00 originally sent by 01:00 (hops: 1)
53577773	ID:2	App: Recv from 01:00 seqn 0 hops 1
53965567	ID:4	App: Send seqn 0 to 05:00
53972124	ID:4	[LOG] Node 04:00 is SENDING packet to 05:00 via next-hop 06:00
53975598	ID:4	--------------------------------------------------
53977775	ID:4	Routing Table for node 04:00
53980702	ID:4	Parent: 06:00   |   Metric: 136.00
53984176	ID:4	--------------------------------------------------
53988195	ID:4	   Dest    |  Next Hop |   Type   |  Metric |  Age (ticks)
53991669	ID:4	--------------------------------------------------
53998941	ID:4	 06:00     | 06:00     |   PARENT | 8.48 |       6570
54003917	ID:4	--------------------------------------------------
54003986	ID:4	
54042560	ID:4	rp: Packet sent successfully (ACK received), retransmissions: 1
54043198	ID:6	[LOG] Node 06:00 RECEIVED packet from 04:00 originally sent by 04:00 (hops: 1)
54050463	ID:6	[LOG] Node 06:00 is FORWARDING packet from 04:00 to destination 05:00 via next-hop 01:00
54053938	ID:6	--------------------------------------------------
54056113	ID:6	Routing Table for node 06:00
54058886	ID:6	Parent: 01:00   |   Metric: 42.00
54063833	ID:6	--------------------------------------------------
54067853	ID:6	   Dest    |  Next Hop |   Type   |  Metric |  Age (ticks)
54071327	ID:6	--------------------------------------------------
54078202	ID:6	 01:00     | 01:00     |   PARENT | 2.45 |       1028
54085457	ID:6	 07:00     | 07:00     | NEIGHBOR | 9.59 |       6606
54094371	ID:6	 02:00     | 02:00     | NEIGHBOR | 15.34 |       6575
54101006	ID:6	 04:00     | 04:00     |    CHILD | 14.36 |          7
54104480	ID:6	--------------------------------------------------
54104548	ID:6	
54126865	ID:1	[LOG] Node 01:00 RECEIVED packet from 06:00 originally sent by 04:00 (hops: 2)
54127862	ID:6	rp: Packet sent successfully (ACK received), retransmissions: 1
54134236	ID:1	[LOG] Node 01:00 is FORWARDING packet from 04:00 to destination 05:00 via next-hop 05:00
54137711	ID:1	--------------------------------------------------
54139902	ID:1	Routing Table for node 01:00
54142550	ID:1	Parent: 00:00   |   Metric: 0.00
54146024	ID:1	--------------------------------------------------
54151581	ID:1	   Dest    |  Next Hop |   Type   |  Metric |  Age (ticks)
54155055	ID:1	--------------------------------------------------
54162341	ID:1	 07:00     | 07:00     |    CHILD | 3.47 |       6296
54169696	ID:1	 05:00     | 05:00     |    CHILD | 16.02 |       1056
54176109	ID:1	 06:00     | 06:00     |    CHILD | 5.08 |          5
54184578	ID:1	 02:00     | 02:00     |    CHILD | 11.59 |         77
54192448	ID:1	 0a:00     | 07:00     | DESCENDANT | 4095.93 |       6776
54200316	ID:1	 03:00     | 07:00     | DESCENDANT | 4095.93 |       6777
54208183	ID:1	 09:00     | 07:00     | DESCENDANT | 4095.93 |       6778
54217709	ID:1	 08:00     | 07:00     | DESCENDANT | 4095.93 |       6779
54225577	ID:1	 04:00     | 06:00     | DESCENDANT | 4095.93 |       6781
54229052	ID:1	--------------------------------------------------
54229120	ID:1	
54260628	ID:1	rp: Packet sent successfully (ACK received), retransmissions: 1
54261048	ID:5	[LOG] Node 05:00 RECEIVED packet from 01:00 originally sent by 04:00 (hops: 3)
54263869	ID:5	App: Recv from 04:00 seqn 0 hops 3
55134926	ID:6	App: Send seqn 0 to 01:00
55140055	ID:6	[LOG] Node 06:00 is SENDING packet to 01:00 via next-hop 01:00
55143529	ID:6	--------------------------------------------------
55145706	ID:6	Routing Table for node 06:00
55148478	ID:6	Parent: 01:00   |   Metric: 42.00
55151952	ID:6	--------------------------------------------------
55157402	ID:6	   Dest    |  Next Hop |   Type   |  Metric |  Age (ticks)
55160877	ID:6	--------------------------------------------------
55167408	ID:6	 01:00     | 01:00     |   PARENT | 2.36 |        132
55169353	ID:7	App: Send seqn 0 to 09:00
55174669	ID:6	 07:00     | 07:00     | NEIGHBOR | 9.59 |       6745
55176166	ID:7	[LOG] Node 07:00 is SENDING packet to 09:00 via next-hop 0a:00
55179641	ID:7	--------------------------------------------------
55181817	ID:7	Routing Table for node 07:00
55182065	ID:6	 02:00     | 02:00     | NEIGHBOR | 15.34 |       6714
55184606	ID:7	Parent: 01:00   |   Metric: 28.00
55188080	ID:7	--------------------------------------------------
55190797	ID:6	 04:00     | 04:00     |    CHILD | 14.36 |        146
55192099	ID:7	   Dest    |  Next Hop |   Type   |  Metric |  Age (ticks)
55194271	ID:6	--------------------------------------------------
55194339	ID:6	
55195573	ID:7	--------------------------------------------------
55202366	ID:7	 01:00     | 01:00     |   PARENT | 1.64 |       6429
55211794	ID:7	 05:00     | 05:00     | NEIGHBOR | 17.09 |       6731
55219260	ID:7	 06:00     | 06:00     | NEIGHBOR | 10.46 |       6724
55221342	ID:1	[LOG] Node 01:00 RECEIVED packet from 06:00 originally sent by 06:00 (hops: 1)
55222475	ID:6	rp: Packet sent successfully (ACK received), retransmissions: 1
55224199	ID:1	App: Recv from 06:00 seqn 0 hops 1
55226421	ID:7	 02:00     | 02:00     | NEIGHBOR | 13.90 |        852
55233810	ID:7	 0a:00     | 0a:00     |    CHILD | 19.97 |       6453
55243280	ID:7	 03:00     | 0a:00     | DESCENDANT | 4095.93 |       7015
55251155	ID:7	 09:00     | 0a:00     | DESCENDANT | 4095.93 |       7016
55259030	ID:7	 08:00     | 0a:00     | DESCENDANT | 4095.93 |       7017
55262505	ID:7	--------------------------------------------------
55262573	ID:7	
55306020	ID:7	rp: Packet sent successfully (ACK received), retransmissions: 1
55306478	ID:10	[LOG] Node 0a:00 RECEIVED packet from 07:00 originally sent by 07:00 (hops: 1)
55313743	ID:10	[LOG] Node 0a:00 is FORWARDING packet from 07:00 to destination 09:00 via next-hop 09:00
55317217	ID:10	--------------------------------------------------
55319398	ID:10	Routing Table for node 0a:00
55322323	ID:10	Parent: 07:00   |   Metric: 174.00
55325797	ID:10	--------------------------------------------------
55331291	ID:10	   Dest    |  Next Hop |   Type   |  Metric |  Age (ticks)
55334765	ID:10	--------------------------------------------------
55341170	ID:10	 07:00     | 07:00     |   PARENT | 10.03 |          4
55348644	ID:10	 03:00     | 03:00     |    CHILD | 20.10 |       6501
55356102	ID:10	 09:00     | 09:00     |    CHILD | 29.77 |       6685
55365642	ID:10	 08:00     | 03:00     | DESCENDANT | 4095.93 |       6999
55369128	ID:10	--------------------------------------------------
55369196	ID:10	
55391501	ID:9	[LOG] Node 09:00 RECEIVED packet from 0a:00 originally sent by 07:00 (hops: 2)
55392431	ID:10	rp: Packet sent successfully (ACK received), retransmissions: 1
55394322	ID:9	App: Recv from 07:00 seqn 0 hops 2
56251027	ID:10	App: Send seqn 0 to 02:00
56256060	ID:10	[LOG] Node 0a:00 is SENDING packet to 02:00 via next-hop 07:00
56259538	ID:10	--------------------------------------------------
56261716	ID:10	Routing Table for node 0a:00
56266327	ID:10	Parent: 07:00   |   Metric: 174.00
56269801	ID:10	--------------------------------------------------
56273821	ID:10	   Dest    |  Next Hop |   Type   |  Metric |  Age (ticks)
56277295	ID:10	--------------------------------------------------
56284304	ID:10	 07:00     | 07:00     |   PARENT | 10.03 |        124
56291768	ID:10	 03:00     | 03:00     |    CHILD | 20.10 |       6621
56300482	ID:10	 09:00     | 09:00     |    CHILD | 28.92 |        115
56308287	ID:10	 08:00     | 03:00     | DESCENDANT | 4095.93 |       7120
56311771	ID:10	--------------------------------------------------
56311841	ID:10	
56340790	ID:10	rp: Packet sent successfully (ACK received), retransmissions: 1
56341357	ID:7	[LOG] Node 07:00 RECEIVED packet from 0a:00 originally sent by 0a:00 (hops: 1)
56348710	ID:7	[LOG] Node 07:00 is FORWARDING packet from 0a:00 to destination 02:00 via next-hop 02:00
56352185	ID:7	--------------------------------------------------
56354452	ID:7	Routing Table for node 07:00
56357225	ID:7	Parent: 01:00   |   Metric: 28.00
56360699	ID:7	--------------------------------------------------
56366202	ID:7	   Dest    |  Next Hop |   Type   |  Metric |  Age (ticks)
56369677	ID:7	--------------------------------------------------
56376461	ID:7	 01:00     | 01:00     |   PARENT | 1.64 |       6580
56383806	ID:7	 05:00     | 05:00     | NEIGHBOR | 17.09 |       6882
56391277	ID:7	 06:00     | 06:00     | NEIGHBOR | 10.46 |       6874
56400373	ID:7	 02:00     | 02:00     | NEIGHBOR | 13.90 |       1002
56406996	ID:7	 0a:00     | 0a:00     |    CHILD | 19.16 |          8
56414868	ID:7	 03:00     | 0a:00     | DESCENDANT | 4095.93 |       7165
56422742	ID:7	 09:00     | 0a:00     | DESCENDANT | 4095.93 |       7166
56432328	ID:7	 08:00     | 0a:00     | DESCENDANT | 4095.93 |       7168
56435802	ID:7	--------------------------------------------------
56435870	ID:7	
56481775	ID:7	rp: Packet sent successfully (ACK received), retransmissions: 1
56482429	ID:2	[LOG] Node 02:00 RECEIVED packet from 07:00 originally sent by 0a:00 (hops: 2)
56485269	ID:2	App: Recv from 0a:00 seqn 0 hops 2
58757891	ID:3	App: Send seqn 0 to 04:00
58762906	ID:3	[LOG] Node 03:00 is SENDING packet to 04:00 via next-hop 0a:00
58766400	ID:3	--------------------------------------------------
58768576	ID:3	Routing Table for node 03:00
58773074	ID:3	Parent: 0a:00   |   Metric: 248.00
58776548	ID:3	--------------------------------------------------
58780593	ID:3	   Dest    |  Next Hop |   Type   |  Metric |  Age (ticks)
58784067	ID:3	--------------------------------------------------
58791405	ID:3	 0a:00     | 0a:00     |   PARENT | 15.11 |       6941
58798882	ID:3	 09:00     | 09:00     | NEIGHBOR | 22.57 |       7126
58807837	ID:3	 08:00     | 08:00     |    CHILD | 33.35 |       7115
58811310	ID:3	--------------------------------------------------
58811379	ID:3	
58838365	ID:10	[LOG] Node 0a:00 RECEIVED packet from 03:00 originally sent by 03:00 (hops: 1)
58839536	ID:3	rp: Packet sent successfully (ACK received), retransmissions: 1
58845669	ID:10	[LOG] Node 0a:00 is FORWARDING packet from 03:00 to destination 04:00 via next-hop 07:00
58849144	ID:10	--------------------------------------------------
58851321	ID:10	Routing Table for node 0a:00
58854246	ID:10	Parent: 07:00   |   Metric: 174.00
58858515	ID:10	--------------------------------------------------
58863266	ID:10	   Dest    |  Next Hop |   Type   |  Metric |  Age (ticks)
58866740	ID:10	--------------------------------------------------
58873660	ID:10	 07:00     | 07:00     |   PARENT | 9.36 |        324
58880205	ID:10	 03:00     | 03:00     |    CHILD | 20.10 |          5
58887397	ID:10	 09:00     | 09:00     |    CHILD | 28.92 |        447
58896930	ID:10	 08:00     | 03:00     | DESCENDANT | 4095.93 |       7451
58900403	ID:10	--------------------------------------------------
58900471	ID:10	
58934222	ID:10	rp: Packet sent successfully (ACK received), retransmissions: 1
58934426	ID:7	[LOG] Node 07:00 RECEIVED packet from 0a:00 originally sent by 03:00 (hops: 2)
58941864	ID:7	[LOG] Node 07:00 is FORWARDING packet from 03:00 to destination 04:00 via next-hop 01:00
58945339	ID:7	--------------------------------------------------
58947515	ID:7	Routing Table for node 07:00
58950309	ID:7	Parent: 01:00   |   Metric: 28.00
58953783	ID:7	--------------------------------------------------
58959294	ID:7	   Dest    |  Next Hop |   Type   |  Metric |  Age (ticks)
58962768	ID:7	--------------------------------------------------
58969647	ID:7	 01:00     | 01:00     |   PARENT | 1.64 |       6912
58976995	ID:7	 05:00     | 05:00     | NEIGHBOR | 17.09 |       7213
58984463	ID:7	 06:00     | 06:00     | NEIGHBOR | 10.46 |       7206
58993321	ID:7	 02:00     | 02:00     | NEIGHBOR | 13.21 |        320
58999945	ID:7	 0a:00     | 0a:00     |    CHILD | 19.16 |          7
59007776	ID:7	 03:00     | 0a:00     | DESCENDANT | 4095.93 |       7497
59015651	ID:7	 09:00     | 0a:00     | DESCENDANT | 4095.93 |       7498
59025106	ID:7	 08:00     | 0a:00     | DESCENDANT | 4095.93 |       7499
59028580	ID:7	--------------------------------------------------
59028648	ID:7	
59064691	ID:7	rp: Packet sent successfully (ACK received), retransmissions: 1
59065131	ID:1	[LOG] Node 01:00 RECEIVED packet from 07:00 originally sent by 03:00 (hops: 3)
59072510	ID:1	[LOG] Node 01:00 is FORWARDING packet from 03:00 to destination 04:00 via next-hop 06:00
59075985	ID:1	--------------------------------------------------
59078160	ID:1	Routing Table for node 01:00
59080807	ID:1	Parent: 00:00   |   Metric: 0.00
59084282	ID:1	--------------------------------------------------
59089830	ID:1	   Dest    |  Next Hop |   Type   |  Metric |  Age (ticks)
59093305	ID:1	--------------------------------------------------
59099654	ID:1	 07:00     | 07:00     |    CHILD | 3.47 |          4
59106821	ID:1	 05:00     | 05:00     |    CHILD | 15.31 |        619
59113793	ID:1	 06:00     | 06:00     |    CHILD | 5.08 |        497
59122588	ID:1	 02:00     | 02:00     |    CHILD | 11.59 |        709
59122851	ID:8	App: Send seqn 0 to 03:00
59129496	ID:8	[LOG] Node 08:00 is SENDING packet to 03:00 via next-hop 03:00
59130460	ID:1	 0a:00     | 07:00     | DESCENDANT | 4095.93 |       7408
59132970	ID:8	--------------------------------------------------
59135146	ID:8	Routing Table for node 08:00
59138074	ID:8	Parent: 03:00   |   Metric: 391.00
59138330	ID:1	 03:00     | 07:00     | DESCENDANT | 4095.93 |       7409
59141549	ID:8	--------------------------------------------------
59145593	ID:8	   Dest    |  Next Hop |   Type   |  Metric |  Age (ticks)
59146202	ID:1	 09:00     | 07:00     | DESCENDANT | 4095.93 |       7410
59149068	ID:8	--------------------------------------------------
59155735	ID:1	 08:00     | 07:00     | DESCENDANT | 4095.93 |       7412
59156442	ID:8	 03:00     | 03:00     |   PARENT | 24.42 |       7190
59163543	ID:1	 04:00     | 06:00     | DESCENDANT | 4095.93 |       7413
59165208	ID:8	 09:00     | 09:00     | NEIGHBOR | 26.17 |        902
59167017	ID:1	--------------------------------------------------
59167085	ID:1	
59168689	ID:8	--------------------------------------------------
59168759	ID:8	
59529400	ID:1	rp: Packet transmission failed (NO ACK), retransmissions: 8.
59532753	ID:8	rp: Packet sent successfully (ACK received), retransmissions: 8
59533061	ID:3	[LOG] Node 03:00 RECEIVED packet from 08:00 originally sent by 08:00 (hops: 1)
59533690	ID:1	rp: Removing child and subtree 06:00 from the routing table
59535917	ID:3	App: Recv from 08:00 seqn 0 hops 1
60359431	ID:6	Energest: 3 26210 465307 277 15866
60394587	ID:8	Energest: 3 33985 457532 5496 17320
60412452	ID:3	Energest: 3 23386 468130 184 14933
60424801	ID:2	Energest: 3 22821 468696 321 15431
60472313	ID:7	Energest: 3 33953 457563 1426 16134
60518253	ID:5	Energest: 3 22147 469370 459 15584
60718071	ID:10	Energest: 3 29285 462231 639 14493
60803205	ID:9	Energest: 3 23031 468485 552 15355
61143176	ID:4	Energest: 3 22074 469442 417 13337
61289632	ID:1	Energest: 3 44007 447510 5910 18401
62289806	ID:1	rp-tree-build: sending beacon: seqn 2 metric 0.00
62322496	ID:7	rp-tree-build: updating parent from 01:00 to 01:00, new metric 1.62, new hops 1 (received beacon seqn 2)
62332084	ID:6	rp-tree-build: updating parent from 01:00 to 01:00, new metric 2.31, new hops 1 (received beacon seqn 2)
62334370	ID:5	rp-tree-build: updating parent from 01:00 to 01:00, new metric 7.31, new hops 1 (received beacon seqn 2)
62334571	ID:2	rp-tree-build: updating parent from 01:00 to 01:00, new metric 6.06, new hops 1 (received beacon seqn 2)
62438812	ID:7	rp-tree-build: sending beacon: seqn 2 metric 1.62
62453966	ID:2	rp-tree-build: sending beacon: seqn 2 metric 6.06
62471790	ID:1	rp-tree-build: new child 07:00, my metric 0.00, my seqn 2
62472959	ID:10	rp-tree-build: updating parent from 07:00 to 07:00, new metric 8.62, new hops 2 (received beacon seqn 2)
62482242	ID:6	rp-tree-build: new neighbor 07:00, my metric 2.31, my seqn 2
62483220	ID:2	rp-tree-build: new neighbor 07:00, my metric 6.06, my seqn 2
62484968	ID:5	rp-tree-build: new neighbor 07:00, my metric 7.31, my seqn 2
62516256	ID:5	rp-tree-build: sending beacon: seqn 2 metric 7.31
62531221	ID:7	rp-tree-build: new neighbor 02:00, my metric 1.62, my seqn 2
62534747	ID:1	rp-tree-build: new child 02:00, my metric 0.00, my seqn 2
62544933	ID:6	rp-tree-build: new neighbor 02:00, my metric 2.31, my seqn 2
62547786	ID:5	rp-tree-build: new neighbor 02:00, my metric 7.31, my seqn 2
62576186	ID:6	rp-tree-build: sending beacon: seqn 2 metric 2.31
62579541	ID:2	rp-tree-build: new neighbor 05:00, my metric 6.06, my seqn 2
62593567	ID:7	rp-tree-build: new neighbor 05:00, my metric 1.62, my seqn 2
62608861	ID:2	rp-tree-build: new neighbor 06:00, my metric 6.06, my seqn 2
62614969	ID:4	rp-tree-build: updating parent from 06:00 to 06:00, new metric 7.68, new hops 2 (received beacon seqn 2)
62625134	ID:7	rp-tree-build: new neighbor 06:00, my metric 1.62, my seqn 2
62629465	ID:1	rp-tree-build: new child 06:00, my metric 0.00, my seqn 2
62734957	ID:4	rp-tree-build: sending beacon: seqn 2 metric 7.68
62764636	ID:6	rp-tree-build: new child 04:00, my metric 2.31, my seqn 2
62778578	ID:10	rp-tree-build: sending beacon: seqn 2 metric 8.62
62813625	ID:7	rp-tree-build: new child 0a:00, my metric 1.62, my seqn 2
62820909	ID:3	rp-tree-build: updating parent from 0a:00 to 0a:00, new metric 12.56, new hops 3 (received beacon seqn 2)
62839910	ID:9	rp-tree-build: updating parent from 0a:00 to 0a:00, new metric 18.06, new hops 3 (received beacon seqn 2)
63019979	ID:9	rp-tree-build: sending beacon: seqn 2 metric 18.06
63053852	ID:8	rp-tree-build: updating parent from 09:00 to 09:00, new metric 23.93, new hops 4 (received beacon seqn 2)
63060474	ID:10	rp-tree-build: new child 09:00, my metric 8.62, my seqn 2
63066152	ID:3	rp-tree-build: new neighbor 09:00, my metric 12.56, my seqn 2
63129320	ID:3	rp-tree-build: sending beacon: seqn 2 metric 12.56
63152994	ID:10	rp-tree-build: new child 03:00, my metric 8.62, my seqn 2
63172709	ID:8	rp-tree-build: new neighbor 03:00, my metric 23.93, my seqn 2
63175420	ID:9	rp-tree-build: new neighbor 03:00, my metric 18.06, my seqn 2
63179659	ID:8	rp-tree-build: sending beacon: seqn 2 metric 23.93
63206432	ID:9	rp-tree-build: new child 08:00, my metric 18.06, my seqn 2
63222959	ID:3	rp-tree-build: new neighbor 08:00, my metric 12.56, my seqn 2
64588058	ID:9	rp: Packet sent successfully (ACK received), retransmissions: 1
64588365	ID:10	[LOG] Node 0a:00 RECEIVED packet from 09:00 originally sent by 09:00 (hops: 1)
64588537	ID:10	
64591737	ID:10	[TOPOLOGY REPORT] Received from Child 09:00
64594666	ID:10	------------------------------------------
64596370	ID:10	 Node Address  | Status 
64599299	ID:10	------------------------------------------
64601043	ID:10	 08:00        | Added
64603973	ID:10	------------------------------------------
64604041	ID:10	
64607036	ID:10	topology-report: report from child 09:00
64613463	ID:10	topology-report: new descendant 08:00, from child 09:00
64779157	ID:10	rp: Packet sent successfully (ACK received), retransmissions: 1
64779531	ID:7	[LOG] Node 07:00 RECEIVED packet from 0a:00 originally sent by 0a:00 (hops: 1)
64779739	ID:7	
64782940	ID:7	[TOPOLOGY REPORT] Received from Child 0a:00
64785869	ID:7	------------------------------------------
64787573	ID:7	 Node Address  | Status 
64790502	ID:7	------------------------------------------
64792200	ID:7	 09:00        | Added
64793897	ID:7	 03:00        | Added
64795595	ID:7	 08:00        | Added
64799294	ID:7	------------------------------------------
64799362	ID:7	
64803042	ID:7	topology-report: report from child 0a:00
64807944	ID:7	topology-report: new descendant 09:00, from child 0a:00
64812387	ID:7	topology-report: new descendant 03:00, from child 0a:00
64816904	ID:7	topology-report: new descendant 08:00, from child 0a:00
65002026	ID:7	rp: Packet sent successfully (ACK received), retransmissions: 1
65002549	ID:1	[LOG] Node 01:00 RECEIVED packet from 07:00 originally sent by 07:00 (hops: 1)
65002686	ID:1	
65005886	ID:1	[TOPOLOGY REPORT] Received from Child 07:00
65008815	ID:1	------------------------------------------
65010518	ID:1	 Node Address  | Status 
65013448	ID:1	------------------------------------------
65015173	ID:1	 0a:00        | Added
65016871	ID:1	 09:00        | Added
65018569	ID:1	 03:00        | Added
65020267	ID:1	 08:00        | Added
65024673	ID:1	------------------------------------------
65024741	ID:1	
65027736	ID:1	topology-report: report from child 07:00
65032626	ID:1	topology-report: new descendant 0a:00, from child 07:00
65037085	ID:1	topology-report: new descendant 09:00, from child 07:00
65041532	ID:1	topology-report: new descendant 03:00, from child 07:00
65046009	ID:1	topology-report: new descendant 08:00, from child 07:00
67440033	ID:1	[LOG] Node 01:00 RECEIVED packet from 06:00 originally sent by 06:00 (hops: 1)
67440205	ID:1	
67441021	ID:6	rp: Packet sent successfully (ACK received), retransmissions: 1
67443406	ID:1	[TOPOLOGY REPORT] Received from Child 06:00
67446360	ID:1	------------------------------------------
67448063	ID:1	 Node Address  | Status 
67450993	ID:1	------------------------------------------
67452753	ID:1	 04:00        | Added
67455682	ID:1	------------------------------------------
67455751	ID:1	
67458745	ID:1	topology-report: report from child 06:00
67465049	ID:1	topology-report: new descendant 04:00, from child 06:00
75359618	ID:6	Energest: 4 26319 465208 735 13808
75394425	ID:8	Energest: 4 24702 466825 605 13424
75412645	ID:3	Energest: 4 25094 466433 605 13507
75424992	ID:2	Energest: 4 25623 465904 595 13512
75472180	ID:7	Energest: 4 28396 463131 833 14217
75518435	ID:5	Energest: 4 25247 466280 601 13464
75718633	ID:10	Energest: 4 27752 463775 1104 14459
75803383	ID:9	Energest: 4 26238 465289 924 13950
76143390	ID:4	Energest: 4 24471 467056 596 13140
76289488	ID:1	Energest: 4 27651 463876 601 13879
76466319	ID:7	App: Send seqn 1 to 0a:00
76471521	ID:7	[LOG] Node 07:00 is SENDING packet to 0a:00 via next-hop 0a:00
76474995	ID:7	--------------------------------------------------
76477172	ID:7	Routing Table for node 07:00
76479944	ID:7	Parent: 01:00   |   Metric: 26.00
76483418	ID:7	--------------------------------------------------
76488910	ID:7	   Dest    |  Next Hop |   Type   |  Metric |  Age (ticks)
76492385	ID:7	--------------------------------------------------
76499180	ID:7	 01:00     | 01:00     |   PARENT | 1.63 |       1471
76506637	ID:7	 05:00     | 05:00     | NEIGHBOR | 16.41 |       1781
76514011	ID:7	 06:00     | 06:00     | NEIGHBOR | 10.15 |       1778
76522997	ID:7	 02:00     | 02:00     | NEIGHBOR | 13.21 |       1791
76530368	ID:7	 0a:00     | 0a:00     |    CHILD | 16.91 |       1503
76538241	ID:7	 03:00     | 0a:00     | DESCENDANT | 4095.93 |       9741
76546113	ID:7	 09:00     | 0a:00     | DESCENDANT | 4095.93 |       9742
76555537	ID:7	 08:00     | 0a:00     | DESCENDANT | 4095.93 |       9743
76559012	ID:7	--------------------------------------------------
76559081	ID:7	
76588346	ID:7	rp: Packet sent successfully (ACK received), retransmissions: 1
76588485	ID:10	[LOG] Node 0a:00 RECEIVED packet from 07:00 originally sent by 07:00 (hops: 1)
76591307	ID:10	App: Recv from 07:00 seqn 1 hops 1
77512799	ID:2	App: Send seqn 1 to 03:00
77517910	ID:2	[LOG] Node 02:00 is SENDING packet to 03:00 via next-hop 01:00
77521385	ID:2	--------------------------------------------------
77523562	ID:2	Routing Table for node 02:00
77526353	ID:2	Parent: 01:00   |   Metric: 97.00
77529827	ID:2	--------------------------------------------------
77535275	ID:2	   Dest    |  Next Hop |   Type   |  Metric |  Age (ticks)
77538749	ID:2	--------------------------------------------------
77545469	ID:2	 01:00     | 01:00     |   PARENT | 6.03 |       1948
77552841	ID:2	 07:00     | 07:00     | NEIGHBOR | 8.78 |       1929
77560147	ID:2	 05:00     | 05:00     | NEIGHBOR | 8.31 |       1917
77569092	ID:2	 06:00     | 06:00     | NEIGHBOR | 11.59 |       1915
77572566	ID:2	--------------------------------------------------
77572634	ID:2	
77597327	ID:1	[LOG] Node 01:00 RECEIVED packet from 02:00 originally sent by 02:00 (hops: 1)
77598120	ID:2	rp: Packet sent successfully (ACK received), retransmissions: 1
77604710	ID:1	[LOG] Node 01:00 is FORWARDING packet from 02:00 to destination 03:00 via next-hop 07:00
77608184	ID:1	--------------------------------------------------
77610360	ID:1	Routing Table for node 01:00
77613007	ID:1	Parent: 00:00   |   Metric: 0.00
77617970	ID:1	--------------------------------------------------
77621990	ID:1	   Dest    |  Next Hop |   Type   |  Metric |  Age (ticks)
77625464	ID:1	--------------------------------------------------
77632643	ID:1	 07:00     | 07:00     |    CHILD | 3.34 |       1616
77639998	ID:1	 05:00     | 05:00     | NEIGHBOR | 15.31 |       2992
77648059	ID:1	 06:00     | 06:00     |    CHILD | 4.93 |       1306
77655468	ID:1	 02:00     | 02:00     |    CHILD | 11.59 |          7
77663339	ID:1	 0a:00     | 07:00     | DESCENDANT | 4095.93 |       9781
77671183	ID:1	 03:00     | 07:00     | DESCENDANT | 4095.93 |       9782
77680545	ID:1	 09:00     | 07:00     | DESCENDANT | 4095.93 |       9783
77688523	ID:1	 08:00     | 07:00     | DESCENDANT | 4095.93 |       9784
77696392	ID:1	 04:00     | 06:00     | DESCENDANT | 4095.93 |       9785
77699867	ID:1	--------------------------------------------------
77699934	ID:1	
77746171	ID:7	[LOG] Node 07:00 RECEIVED packet from 01:00 originally sent by 02:00 (hops: 2)
77747248	ID:1	rp: Packet sent successfully (ACK received), retransmissions: 1
77753503	ID:7	[LOG] Node 07:00 is FORWARDING packet from 02:00 to destination 03:00 via next-hop 0a:00
77756978	ID:7	--------------------------------------------------
77759154	ID:7	Routing Table for node 07:00
77762018	ID:7	Parent: 01:00   |   Metric: 26.00
77765492	ID:7	--------------------------------------------------
77771022	ID:7	   Dest    |  Next Hop |   Type   |  Metric |  Age (ticks)
77774497	ID:7	--------------------------------------------------
77780544	ID:7	 01:00     | 01:00     |   PARENT | 1.63 |          3
77788016	ID:7	 05:00     | 05:00     | NEIGHBOR | 16.41 |       1945
77795480	ID:7	 06:00     | 06:00     | NEIGHBOR | 10.15 |       1942
77804536	ID:7	 02:00     | 02:00     | NEIGHBOR | 13.21 |       1955
77811655	ID:7	 0a:00     | 0a:00     |    CHILD | 16.23 |        155
77819532	ID:7	 03:00     | 0a:00     | DESCENDANT | 4095.93 |       9905
77827394	ID:7	 09:00     | 0a:00     | DESCENDANT | 4095.93 |       9906
77836824	ID:7	 08:00     | 0a:00     | DESCENDANT | 4095.93 |       9907
77840298	ID:7	--------------------------------------------------
77840367	ID:7	
77869600	ID:10	[LOG] Node 0a:00 RECEIVED packet from 07:00 originally sent by 02:00 (hops: 3)
77869641	ID:7	rp: Packet sent successfully (ACK received), retransmissions: 1
77876923	ID:10	[LOG] Node 0a:00 is FORWARDING packet from 02:00 to destination 03:00 via next-hop 03:00
77880398	ID:10	--------------------------------------------------
77882575	ID:10	Routing Table for node 0a:00
77885501	ID:10	Parent: 07:00   |   Metric: 138.00
77889766	ID:10	--------------------------------------------------
77894516	ID:10	   Dest    |  Next Hop |   Type   |  Metric |  Age (ticks)
77897990	ID:10	--------------------------------------------------
77904359	ID:10	 07:00     | 07:00     |   PARENT | 8.11 |          4
77911825	ID:10	 03:00     | 03:00     |    CHILD | 17.16 |       1890
77919287	ID:10	 09:00     | 09:00     |    CHILD | 26.67 |       1706
77928904	ID:10	 08:00     | 09:00     | DESCENDANT | 4095.93 |       9888
77932378	ID:10	--------------------------------------------------
77932447	ID:10	
77968539	ID:10	rp: Packet sent successfully (ACK received), retransmissions: 1
77969064	ID:3	[LOG] Node 03:00 RECEIVED packet from 0a:00 originally sent by 02:00 (hops: 4)
77971886	ID:3	App: Recv from 02:00 seqn 1 hops 4
79493216	ID:3	App: Send seqn 1 to 08:00
79498317	ID:3	[LOG] Node 03:00 is SENDING packet to 08:00 via next-hop 08:00
79501792	ID:3	--------------------------------------------------
79503968	ID:3	Routing Table for node 03:00
79506894	ID:3	Parent: 0a:00   |   Metric: 201.00
79510368	ID:3	--------------------------------------------------
79514387	ID:3	   Dest    |  Next Hop |   Type   |  Metric |  Age (ticks)
79517861	ID:3	--------------------------------------------------
79526536	ID:3	 0a:00     | 0a:00     |   PARENT | 12.59 |        198
79534003	ID:3	 09:00     | 09:00     | NEIGHBOR | 20.32 |       2108
79541393	ID:3	 08:00     | 08:00     | NEIGHBOR | 32.85 |       2089
79544866	ID:3	--------------------------------------------------
79544935	ID:3	
79576100	ID:3	rp: Packet sent successfully (ACK received), retransmissions: 1
79576577	ID:8	[LOG] Node 08:00 RECEIVED packet from 03:00 originally sent by 03:00 (hops: 1)
79579399	ID:8	App: Recv from 03:00 seqn 1 hops 1
79676186	ID:5	App: Send seqn 1 to 07:00
79681253	ID:5	[LOG] Node 05:00 is SENDING packet to 07:00 via next-hop 07:00
79684728	ID:5	--------------------------------------------------
79686904	ID:5	Routing Table for node 05:00
79691367	ID:5	Parent: 01:00   |   Metric: 117.00
79694841	ID:5	--------------------------------------------------
79698860	ID:5	   Dest    |  Next Hop |   Type   |  Metric |  Age (ticks)
79702335	ID:5	--------------------------------------------------
79709202	ID:5	 01:00     | 01:00     |   PARENT | 7.31 |       2225
79716647	ID:5	 07:00     | 07:00     | NEIGHBOR | 10.72 |       2206
79725379	ID:5	 02:00     | 02:00     | NEIGHBOR | 7.06 |       2199
79728852	ID:5	--------------------------------------------------
79728922	ID:5	
79779159	ID:5	rp: Packet sent successfully (ACK received), retransmissions: 1
79779666	ID:7	[LOG] Node 07:00 RECEIVED packet from 05:00 originally sent by 05:00 (hops: 1)
79782506	ID:7	App: Recv from 05:00 seqn 1 hops 1
80556801	ID:6	App: Send seqn 1 to 05:00
80563446	ID:6	[LOG] Node 06:00 is SENDING packet to 05:00 via next-hop 01:00
80566920	ID:6	--------------------------------------------------
80569096	ID:6	Routing Table for node 06:00
80571870	ID:6	Parent: 01:00   |   Metric: 37.00
80575345	ID:6	--------------------------------------------------
80579363	ID:6	   Dest    |  Next Hop |   Type   |  Metric |  Age (ticks)
80582838	ID:6	--------------------------------------------------
80589625	ID:6	 01:00     | 01:00     |   PARENT | 2.23 |       1682
80598450	ID:6	 07:00     | 07:00     | NEIGHBOR | 9.46 |       2319
80605922	ID:6	 02:00     | 02:00     | NEIGHBOR | 15.34 |       2312
80613308	ID:6	 04:00     | 04:00     |    CHILD | 13.54 |       2284
80616782	ID:6	--------------------------------------------------
80616851	ID:6	
80658018	ID:1	[LOG] Node 01:00 RECEIVED packet from 06:00 originally sent by 06:00 (hops: 1)
80659158	ID:6	rp: Packet sent successfully (ACK received), retransmissions: 1
80665389	ID:1	[LOG] Node 01:00 is FORWARDING packet from 06:00 to destination 05:00 via next-hop 05:00
80668864	ID:1	--------------------------------------------------
80671040	ID:1	Routing Table for node 01:00
80673688	ID:1	Parent: 00:00   |   Metric: 0.00
80677162	ID:1	--------------------------------------------------
80682649	ID:1	   Dest    |  Next Hop |   Type   |  Metric |  Age (ticks)
80686123	ID:1	--------------------------------------------------
80693131	ID:1	 07:00     | 07:00     |    CHILD | 3.27 |        377
80700574	ID:1	 05:00     | 05:00     | NEIGHBOR | 15.31 |       3383
80707086	ID:1	 06:00     | 06:00     |    CHILD | 4.93 |          5
80715849	ID:1	 02:00     | 02:00     |    CHILD | 11.59 |        398
80724003	ID:1	 0a:00     | 07:00     | DESCENDANT | 4095.93 |      10172
80732155	ID:1	 03:00     | 07:00     | DESCENDANT | 4095.93 |      10173
80740308	ID:1	 09:00     | 07:00     | DESCENDANT | 4095.93 |      10174
80750212	ID:1	 08:00     | 07:00     | DESCENDANT | 4095.93 |      10176
80758364	ID:1	 04:00     | 06:00     | DESCENDANT | 4095.93 |      10177
80761838	ID:1	--------------------------------------------------
80761906	ID:1	
80793325	ID:1	rp: Packet sent successfully (ACK received), retransmissions: 1
80793970	ID:5	[LOG] Node 05:00 RECEIVED packet from 01:00 originally sent by 06:00 (hops: 2)
80796792	ID:5	App: Recv from 06:00 seqn 1 hops 2
81262442	ID:4	App: Send seqn 1 to 09:00
81267501	ID:4	[LOG] Node 04:00 is SENDING packet to 09:00 via next-hop 06:00
81270976	ID:4	--------------------------------------------------
81273153	ID:4	Routing Table for node 04:00
81276078	ID:4	Parent: 06:00   |   Metric: 123.00
81279552	ID:4	--------------------------------------------------
81285101	ID:4	   Dest    |  Next Hop |   Type   |  Metric |  Age (ticks)
81288575	ID:4	--------------------------------------------------
81295883	ID:4	 06:00     | 06:00     |   PARENT | 7.68 |       2392
81299380	ID:4	--------------------------------------------------
81299449	ID:4	
81323831	ID:4	rp: Packet sent successfully (ACK received), retransmissions: 1
81324454	ID:6	[LOG] Node 06:00 RECEIVED packet from 04:00 originally sent by 04:00 (hops: 1)
81331715	ID:6	[LOG] Node 06:00 is FORWARDING packet from 04:00 to destination 09:00 via next-hop 01:00
81335189	ID:6	--------------------------------------------------
81337365	ID:6	Routing Table for node 06:00
81340139	ID:6	Parent: 01:00   |   Metric: 37.00
81345084	ID:6	--------------------------------------------------
81349104	ID:6	   Dest    |  Next Hop |   Type   |  Metric |  Age (ticks)
81352579	ID:6	--------------------------------------------------
81358819	ID:6	 01:00     | 01:00     |   PARENT | 2.19 |         89
81366077	ID:6	 07:00     | 07:00     | NEIGHBOR | 9.46 |       2418
81374308	ID:6	 02:00     | 02:00     | NEIGHBOR | 15.34 |       2411
81381739	ID:6	 04:00     | 04:00     |    CHILD | 13.54 |          7
81385213	ID:6	--------------------------------------------------
81385281	ID:6	
81409851	ID:1	[LOG] Node 01:00 RECEIVED packet from 06:00 originally sent by 04:00 (hops: 2)
81411068	ID:6	rp: Packet sent successfully (ACK received), retransmissions: 1
81417219	ID:1	[LOG] Node 01:00 is FORWARDING packet from 04:00 to destination 09:00 via next-hop 07:00
81420694	ID:1	--------------------------------------------------
81422870	ID:1	Routing Table for node 01:00
81425516	ID:1	Parent: 00:00   |   Metric: 0.00
81430472	ID:1	--------------------------------------------------
81434534	ID:1	   Dest    |  Next Hop |   Type   |  Metric |  Age (ticks)
81438009	ID:1	--------------------------------------------------
81444930	ID:1	 07:00     | 07:00     |    CHILD | 3.27 |        473
81451745	ID:1	 05:00     | 05:00     | NEIGHBOR | 14.73 |         84
81458258	ID:1	 06:00     | 06:00     |    CHILD | 4.93 |          6
81467073	ID:1	 02:00     | 02:00     |    CHILD | 11.59 |        494
81475218	ID:1	 0a:00     | 07:00     | DESCENDANT | 4095.93 |      10269
81483362	ID:1	 03:00     | 07:00     | DESCENDANT | 4095.93 |      10270
81493047	ID:1	 09:00     | 07:00     | DESCENDANT | 4095.93 |      10271
81501298	ID:1	 08:00     | 07:00     | DESCENDANT | 4095.93 |      10272
81509357	ID:1	 04:00     | 06:00     | DESCENDANT | 4095.93 |      10273
81512831	ID:1	--------------------------------------------------
81512899	ID:1	
81560972	ID:1	rp: Packet sent successfully (ACK received), retransmissions: 1
81561265	ID:7	[LOG] Node 07:00 RECEIVED packet from 01:00 originally sent by 04:00 (hops: 3)
81568603	ID:7	[LOG] Node 07:00 is FORWARDING packet from 04:00 to destination 09:00 via next-hop 0a:00
81572077	ID:7	--------------------------------------------------
81574253	ID:7	Routing Table for node 07:00
81577026	ID:7	Parent: 01:00   |   Metric: 26.00
81581982	ID:7	--------------------------------------------------
81586043	ID:7	   Dest    |  Next Hop |   Type   |  Metric |  Age (ticks)
81589519	ID:7	--------------------------------------------------
81595476	ID:7	 01:00     | 01:00     |   PARENT | 1.63 |          4
81602669	ID:7	 05:00     | 05:00     | NEIGHBOR | 16.41 |        233
81610137	ID:7	 06:00     | 06:00     | NEIGHBOR | 10.15 |       2430
81619276	ID:7	 02:00     | 02:00     | NEIGHBOR | 13.21 |       2444
81626460	ID:7	 0a:00     | 0a:00     |    CHILD | 15.64 |        480
81634611	ID:7	 03:00     | 0a:00     | DESCENDANT | 4095.93 |      10394
81644207	ID:7	 09:00     | 0a:00     | DESCENDANT | 4095.93 |      10395
81652494	ID:7	 08:00     | 0a:00     | DESCENDANT | 4095.93 |      10396
81655967	ID:7	--------------------------------------------------
81656036	ID:7	
81682680	ID:7	rp: Packet sent successfully (ACK received), retransmissions: 1
81683298	ID:10	[LOG] Node 0a:00 RECEIVED packet from 07:00 originally sent by 04:00 (hops: 4)
81690576	ID:10	[LOG] Node 0a:00 is FORWARDING packet from 04:00 to destination 09:00 via next-hop 09:00
81694051	ID:10	--------------------------------------------------
81696228	ID:10	Routing Table for node 0a:00
81699154	ID:10	Parent: 07:00   |   Metric: 138.00
81704109	ID:10	--------------------------------------------------
81708128	ID:10	   Dest    |  Next Hop |   Type   |  Metric |  Age (ticks)
81711603	ID:10	--------------------------------------------------
81718062	ID:10	 07:00     | 07:00     |   PARENT | 8.11 |          4
81725154	ID:10	 03:00     | 03:00     |    CHILD | 16.80 |        480
81733311	ID:10	 09:00     | 09:00     |    CHILD | 26.67 |       2194
81742341	ID:10	 08:00     | 09:00     | DESCENDANT | 4095.93 |      10376
81745815	ID:10	--------------------------------------------------
81745883	ID:10	
81768357	ID:9	[LOG] Node 09:00 RECEIVED packet from 0a:00 originally sent by 04:00 (hops: 5)
81769251	ID:10	rp: Packet sent successfully (ACK received), retransmissions: 1
81771263	ID:9	App: Recv from 04:00 seqn 1 hops 5
82117383	ID:9	App: Send seqn 1 to 02:00
82122398	ID:9	[LOG] Node 09:00 is SENDING packet to 02:00 via next-hop 0a:00
82125892	ID:9	--------------------------------------------------
82128068	ID:9	Routing Table for node 09:00
82132564	ID:9	Parent: 0a:00   |   Metric: 289.00
82136038	ID:9	--------------------------------------------------
82140083	ID:9	   Dest    |  Next Hop |   Type   |  Metric |  Age (ticks)
82143557	ID:9	--------------------------------------------------
82150292	ID:9	 0a:00     | 0a:00     |   PARENT | 17.23 |         48
82157686	ID:9	 03:00     | 03:00     | NEIGHBOR | 14.82 |       2430
82166706	ID:9	 08:00     | 08:00     |    CHILD | 29.31 |       2427
82170179	ID:9	--------------------------------------------------
82170248	ID:9	
82213397	ID:9	rp: Packet sent successfully (ACK received), retransmissions: 1
82213886	ID:10	[LOG] Node 0a:00 RECEIVED packet from 09:00 originally sent by 09:00 (hops: 1)
82221143	ID:10	[LOG] Node 0a:00 is FORWARDING packet from 09:00 to destination 02:00 via next-hop 07:00
82224618	ID:10	--------------------------------------------------
82226795	ID:10	Routing Table for node 0a:00
82229721	ID:10	Parent: 07:00   |   Metric: 138.00
82234681	ID:10	--------------------------------------------------
82238742	ID:10	   Dest    |  Next Hop |   Type   |  Metric |  Age (ticks)
82242217	ID:10	--------------------------------------------------
82248868	ID:10	 07:00     | 07:00     |   PARENT | 8.11 |         72
82255959	ID:10	 03:00     | 03:00     |    CHILD | 16.80 |        548
82262585	ID:10	 09:00     | 09:00     |    CHILD | 25.96 |          6
82272388	ID:10	 08:00     | 09:00     | DESCENDANT | 4095.93 |      10443
82275862	ID:10	--------------------------------------------------
82275930	ID:10	
82309947	ID:10	rp: Packet sent successfully (ACK received), retransmissions: 1
82310371	ID:7	[LOG] Node 07:00 RECEIVED packet from 0a:00 originally sent by 09:00 (hops: 2)
82317723	ID:7	[LOG] Node 07:00 is FORWARDING packet from 09:00 to destination 02:00 via next-hop 02:00
82321197	ID:7	--------------------------------------------------
82323373	ID:7	Routing Table for node 07:00
82326146	ID:7	Parent: 01:00   |   Metric: 26.00
82329620	ID:7	--------------------------------------------------
82335158	ID:7	   Dest    |  Next Hop |   Type   |  Metric |  Age (ticks)
82338633	ID:7	--------------------------------------------------
82345146	ID:7	 01:00     | 01:00     |   PARENT | 1.63 |        100
82352337	ID:7	 05:00     | 05:00     | NEIGHBOR | 16.41 |        329
82359807	ID:7	 06:00     | 06:00     | NEIGHBOR | 10.15 |       2526
82368952	ID:7	 02:00     | 02:00     | NEIGHBOR | 13.21 |       2539
82375586	ID:7	 0a:00     | 0a:00     |    CHILD | 15.11 |          8
82383730	ID:7	 03:00     | 0a:00     | DESCENDANT | 4095.93 |      10489
82391876	ID:7	 09:00     | 0a:00     | DESCENDANT | 4095.93 |      10490
82401777	ID:7	 08:00     | 0a:00     | DESCENDANT | 4095.93 |      10492
82405251	ID:7	--------------------------------------------------
82405319	ID:7	
82451023	ID:7	rp: Packet sent successfully (ACK received), retransmissions: 1
82451587	ID:2	[LOG] Node 02:00 RECEIVED packet from 07:00 originally sent by 09:00 (hops: 3)
82454427	ID:2	App: Recv from 09:00 seqn 1 hops 3
82669728	ID:8	App: Send seqn 1 to 01:00
82674804	ID:8	[LOG] Node 08:00 is SENDING packet to 01:00 via next-hop 09:00
82678278	ID:8	--------------------------------------------------
82680455	ID:8	Routing Table for node 08:00
82683383	ID:8	Parent: 09:00   |   Metric: 383.00
82686857	ID:8	--------------------------------------------------
82692384	ID:8	   Dest    |  Next Hop |   Type   |  Metric |  Age (ticks)
82695858	ID:8	--------------------------------------------------
82702977	ID:8	 03:00     | 03:00     | NEIGHBOR | 21.39 |        399
82710406	ID:8	 09:00     | 09:00     |   PARENT | 23.92 |       2517
82713880	ID:8	--------------------------------------------------
82713949	ID:8	
82735922	ID:8	rp: Packet sent successfully (ACK received), retransmissions: 1
82736284	ID:9	[LOG] Node 09:00 RECEIVED packet from 08:00 originally sent by 08:00 (hops: 1)
82743560	ID:9	[LOG] Node 09:00 is FORWARDING packet from 08:00 to destination 01:00 via next-hop 0a:00
82747034	ID:9	--------------------------------------------------
82749210	ID:9	Routing Table for node 09:00
82752138	ID:9	Parent: 0a:00   |   Metric: 289.00
82757119	ID:9	--------------------------------------------------
82761138	ID:9	   Dest    |  Next Hop |   Type   |  Metric |  Age (ticks)
82764681	ID:9	--------------------------------------------------
82771414	ID:9	 0a:00     | 0a:00     |   PARENT | 16.52 |         71
82778804	ID:9	 03:00     | 03:00     | NEIGHBOR | 14.82 |       2510
82785445	ID:9	 08:00     | 08:00     |    CHILD | 29.31 |          6
82790414	ID:9	--------------------------------------------------
82790482	ID:9	
82838513	ID:9	rp: Packet sent successfully (ACK received), retransmissions: 1
82838885	ID:10	[LOG] Node 0a:00 RECEIVED packet from 09:00 originally sent by 08:00 (hops: 2)
82846142	ID:10	[LOG] Node 0a:00 is FORWARDING packet from 08:00 to destination 01:00 via next-hop 07:00
82849617	ID:10	--------------------------------------------------
82851794	ID:10	Routing Table for node 0a:00
82854720	ID:10	Parent: 07:00   |   Metric: 138.00
82859682	ID:10	--------------------------------------------------
82863743	ID:10	   Dest    |  Next Hop |   Type   |  Metric |  Age (ticks)
82867217	ID:10	--------------------------------------------------
82873864	ID:10	 07:00     | 07:00     |   PARENT | 7.64 |         72
82880956	ID:10	 03:00     | 03:00     |    CHILD | 16.80 |        628
82887582	ID:10	 09:00     | 09:00     |    CHILD | 25.96 |          6
82897391	ID:10	 08:00     | 09:00     | DESCENDANT | 4095.93 |      10523
82900864	ID:10	--------------------------------------------------
82900933	ID:10	
82934934	ID:10	rp: Packet sent successfully (ACK received), retransmissions: 1
82935299	ID:7	[LOG] Node 07:00 RECEIVED packet from 0a:00 originally sent by 08:00 (hops: 3)
82942596	ID:7	[LOG] Node 07:00 is FORWARDING packet from 08:00 to destination 01:00 via next-hop 01:00
82946070	ID:7	--------------------------------------------------
82948289	ID:7	Routing Table for node 07:00
82951062	ID:7	Parent: 01:00   |   Metric: 26.00
82954536	ID:7	--------------------------------------------------
82960044	ID:7	   Dest    |  Next Hop |   Type   |  Metric |  Age (ticks)
82963519	ID:7	--------------------------------------------------
82970031	ID:7	 01:00     | 01:00     |   PARENT | 1.63 |        180
82977222	ID:7	 05:00     | 05:00     | NEIGHBOR | 16.41 |        409
82984685	ID:7	 06:00     | 06:00     | NEIGHBOR | 10.15 |       2606
82993226	ID:7	 02:00     | 02:00     | NEIGHBOR | 12.65 |         68
82999860	ID:7	 0a:00     | 0a:00     |    CHILD | 15.11 |          7
83007915	ID:7	 03:00     | 0a:00     | DESCENDANT | 4095.93 |      10569
83016061	ID:7	 09:00     | 0a:00     | DESCENDANT | 4095.93 |      10570
83025869	ID:7	 08:00     | 0a:00     | DESCENDANT | 4095.93 |      10571
83029344	ID:7	--------------------------------------------------
83029412	ID:7	
83065419	ID:7	rp: Packet sent successfully (ACK received), retransmissions: 1
83066077	ID:1	[LOG] Node 01:00 RECEIVED packet from 07:00 originally sent by 08:00 (hops: 4)
83068900	ID:1	App: Recv from 08:00 seqn 1 hops 4
87682556	ID:1	App: Send seqn 1 to 08:00
87687726	ID:1	[LOG] Node 01:00 is SENDING packet to 08:00 via next-hop 07:00
87691200	ID:1	--------------------------------------------------
87693377	ID:1	Routing Table for node 01:00
87696025	ID:1	Parent: 00:00   |   Metric: 0.00
87699499	ID:1	--------------------------------------------------
87703518	ID:1	   Dest    |  Next Hop |   Type   |  Metric |  Age (ticks)
87706992	ID:1	--------------------------------------------------
87715448	ID:1	 07:00     | 07:00     |    CHILD | 3.25 |        594
87722544	ID:1	 05:00     | 05:00     | NEIGHBOR | 14.73 |        886
87729613	ID:1	 06:00     | 06:00     |    CHILD | 4.93 |        808
87736982	ID:1	 02:00     | 02:00     |    CHILD | 11.59 |       1297
87746669	ID:1	 0a:00     | 07:00     | DESCENDANT | 4095.93 |      11071
87754730	ID:1	 03:00     | 07:00     | DESCENDANT | 4095.93 |      11072
87762802	ID:1	 09:00     | 07:00     | DESCENDANT | 4095.93 |      11073
87770954	ID:1	 08:00     | 07:00     | DESCENDANT | 4095.93 |      11074
87780765	ID:1	 04:00     | 06:00     | DESCENDANT | 4095.93 |      11075
87784239	ID:1	--------------------------------------------------
87784308	ID:1	
87810853	ID:1	rp: Packet sent successfully (ACK received), retransmissions: 1
87811273	ID:7	[LOG] Node 07:00 RECEIVED packet from 01:00 originally sent by 01:00 (hops: 1)
87818650	ID:7	[LOG] Node 07:00 is FORWARDING packet from 01:00 to destination 08:00 via next-hop 0a:00
87822125	ID:7	--------------------------------------------------
87824301	ID:7	Routing Table for node 07:00
87827074	ID:7	Parent: 01:00   |   Metric: 26.00
87831982	ID:7	--------------------------------------------------
87836043	ID:7	   Dest    |  Next Hop |   Type   |  Metric |  Age (ticks)
87839519	ID:7	--------------------------------------------------
87845455	ID:7	 01:00     | 01:00     |   PARENT | 1.64 |          4
87852928	ID:7	 05:00     | 05:00     | NEIGHBOR | 16.41 |       1033
87860392	ID:7	 06:00     | 06:00     | NEIGHBOR | 10.15 |       3231
87869227	ID:7	 02:00     | 02:00     | NEIGHBOR | 12.65 |        693
87876425	ID:7	 0a:00     | 0a:00     |    CHILD | 15.11 |        632
87884583	ID:7	 03:00     | 0a:00     | DESCENDANT | 4095.93 |      11194
87894211	ID:7	 09:00     | 0a:00     | DESCENDANT | 4095.93 |      11195
87902504	ID:7	 08:00     | 0a:00     | DESCENDANT | 4095.93 |      11196
87905977	ID:7	--------------------------------------------------
87906045	ID:7	
87932740	ID:7	rp: Packet sent successfully (ACK received), retransmissions: 1
87933289	ID:10	[LOG] Node 0a:00 RECEIVED packet from 07:00 originally sent by 01:00 (hops: 2)
87940576	ID:10	[LOG] Node 0a:00 is FORWARDING packet from 01:00 to destination 08:00 via next-hop 09:00
87944051	ID:10	--------------------------------------------------
87946228	ID:10	Routing Table for node 0a:00
87949154	ID:10	Parent: 07:00   |   Metric: 138.00
87954108	ID:10	--------------------------------------------------
87958128	ID:10	   Dest    |  Next Hop |   Type   |  Metric |  Age (ticks)
87961603	ID:10	--------------------------------------------------
87968049	ID:10	 07:00     | 07:00     |   PARENT | 7.22 |          4
87975426	ID:10	 03:00     | 03:00     |    CHILD | 16.80 |       1280
87983313	ID:10	 09:00     | 09:00     |    CHILD | 25.96 |        658
87992349	ID:10	 08:00     | 09:00     | DESCENDANT | 4095.93 |      11176
87995823	ID:10	--------------------------------------------------
87995891	ID:10	
88018195	ID:9	[LOG] Node 09:00 RECEIVED packet from 0a:00 originally sent by 01:00 (hops: 3)
88019250	ID:10	rp: Packet sent successfully (ACK received), retransmissions: 1
88025475	ID:9	[LOG] Node 09:00 is FORWARDING packet from 01:00 to destination 08:00 via next-hop 08:00
88028950	ID:9	--------------------------------------------------
88031125	ID:9	Routing Table for node 09:00
88034053	ID:9	Parent: 0a:00   |   Metric: 289.00
88039051	ID:9	--------------------------------------------------
88043071	ID:9	   Dest    |  Next Hop |   Type   |  Metric |  Age (ticks)
88046546	ID:9	--------------------------------------------------
88053101	ID:9	 0a:00     | 0a:00     |   PARENT | 15.90 |          4
88060482	ID:9	 03:00     | 03:00     | NEIGHBOR | 14.82 |       3186
88069101	ID:9	 08:00     | 08:00     |    CHILD | 29.31 |        682
88072622	ID:9	--------------------------------------------------
88072690	ID:9	
88106374	ID:9	rp: Packet sent successfully (ACK received), retransmissions: 1
88106738	ID:8	[LOG] Node 08:00 RECEIVED packet from 09:00 originally sent by 01:00 (hops: 4)
88109578	ID:8	App: Recv from 01:00 seqn 1 hops 4
89486628	ID:10	App: Send seqn 1 to 01:00
89491660	ID:10	[LOG] Node 0a:00 is SENDING packet to 01:00 via next-hop 07:00
89495135	ID:10	--------------------------------------------------
89497313	ID:10	Routing Table for node 0a:00
89500329	ID:10	Parent: 07:00   |   Metric: 138.00
89503804	ID:10	--------------------------------------------------
89507834	ID:10	   Dest    |  Next Hop |   Type   |  Metric |  Age (ticks)
89511309	ID:10	--------------------------------------------------
89519853	ID:10	 07:00     | 07:00     |   PARENT | 7.22 |        202
89527314	ID:10	 03:00     | 03:00     |    CHILD | 16.80 |       1478
89534499	ID:10	 09:00     | 09:00     |    CHILD | 25.34 |        193
89542648	ID:10	 08:00     | 09:00     | DESCENDANT | 4095.93 |      11374
89547585	ID:10	--------------------------------------------------
89547654	ID:10	
89590820	ID:10	rp: Packet sent successfully (ACK received), retransmissions: 1
89591355	ID:7	[LOG] Node 07:00 RECEIVED packet from 0a:00 originally sent by 0a:00 (hops: 1)
89598679	ID:7	[LOG] Node 07:00 is FORWARDING packet from 0a:00 to destination 01:00 via next-hop 01:00
89602153	ID:7	--------------------------------------------------
89604421	ID:7	Routing Table for node 07:00
89607193	ID:7	Parent: 01:00   |   Metric: 26.00
89610668	ID:7	--------------------------------------------------
89616203	ID:7	   Dest    |  Next Hop |   Type   |  Metric |  Age (ticks)
89619678	ID:7	--------------------------------------------------
89626173	ID:7	 01:00     | 01:00     |   PARENT | 1.64 |        232
89633648	ID:7	 05:00     | 05:00     | NEIGHBOR | 16.41 |       1260
89641116	ID:7	 06:00     | 06:00     | NEIGHBOR | 10.15 |       3458
89649948	ID:7	 02:00     | 02:00     | NEIGHBOR | 12.65 |        920
89656574	ID:7	 0a:00     | 0a:00     |    CHILD | 14.64 |          8
89664725	ID:7	 03:00     | 0a:00     | DESCENDANT | 4095.93 |      11421
89672878	ID:7	 09:00     | 0a:00     | DESCENDANT | 4095.93 |      11422
89682782	ID:7	 08:00     | 0a:00     | DESCENDANT | 4095.93 |      11424
89686256	ID:7	--------------------------------------------------
89686324	ID:7	
89722264	ID:7	rp: Packet sent successfully (ACK received), retransmissions: 1
89722901	ID:1	[LOG] Node 01:00 RECEIVED packet from 07:00 originally sent by 0a:00 (hops: 2)
89725725	ID:1	App: Recv from 0a:00 seqn 1 hops 2
90359414	ID:6	Energest: 5 25999 465514 595 14460
90393882	ID:8	Energest: 5 22858 468655 92 13709
90412430	ID:3	Energest: 5 22578 468935 274 13930
90424785	ID:2	Energest: 5 22351 469162 137 14126
90472306	ID:7	Energest: 5 49895 441618 2111 16254
90518230	ID:5	Energest: 5 23203 468310 639 14108
90718414	ID:10	Energest: 5 40792 450721 1702 16115
90803521	ID:9	Energest: 5 29929 461584 1421 15427
91143178	ID:4	Energest: 5 21496 470017 140 13339
91289606	ID:1	Energest: 5 40099 451414 1601 15404
105358834	ID:6	Energest: 6 20462 471061 0 12960
105393635	ID:8	Energest: 6 20452 471071 0 12960
105411877	ID:3	Energest: 6 20516 471008 0 12960
105424207	ID:2	Energest: 6 20462 471061 0 12960
105471408	ID:7	Energest: 6 20534 470990 0 12960
105517650	ID:5	Energest: 6 20462 471061 0 12960
105717510	ID:10	Energest: 6 20563 470961 0 12960
105802615	ID:9	Energest: 6 20528 470996 0 12960
106142623	ID:4	Energest: 6 20513 471011 0 12960
106288696	ID:1	Energest: 6 20473 471050 0 12960
106481194	ID:4	App: Send seqn 2 to 05:00
106486252	ID:4	[LOG] Node 04:00 is SENDING packet to 05:00 via next-hop 06:00
106489727	ID:4	--------------------------------------------------
106491904	ID:4	Routing Table for node 04:00
106494829	ID:4	Parent: 06:00   |   Metric: 123.00
106498303	ID:4	--------------------------------------------------
106503850	ID:4	   Dest    |  Next Hop |   Type   |  Metric |  Age (ticks)
106507324	ID:4	--------------------------------------------------
106514596	ID:4	 06:00     | 06:00     |   PARENT | 7.29 |       3223
106518070	ID:4	--------------------------------------------------
106518138	ID:4	
106542245	ID:4	rp: Packet sent successfully (ACK received), retransmissions: 1
106542523	ID:6	[LOG] Node 06:00 RECEIVED packet from 04:00 originally sent by 04:00 (hops: 1)
106549800	ID:6	[LOG] Node 06:00 is FORWARDING packet from 04:00 to destination 05:00 via next-hop 01:00
106553274	ID:6	--------------------------------------------------
106555450	ID:6	Routing Table for node 06:00
106558224	ID:6	Parent: 01:00   |   Metric: 37.00
106563179	ID:6	--------------------------------------------------
106567240	ID:6	   Dest    |  Next Hop |   Type   |  Metric |  Age (ticks)
106570715	ID:6	--------------------------------------------------
106577501	ID:6	 01:00     | 01:00     |   PARENT | 2.15 |       3221
106584761	ID:6	 07:00     | 07:00     | NEIGHBOR | 9.46 |       5646
106593003	ID:6	 02:00     | 02:00     | NEIGHBOR | 15.34 |       5639
106600467	ID:6	 04:00     | 04:00     |    CHILD | 13.54 |          7
106603941	ID:6	--------------------------------------------------
106604009	ID:6	
106628633	ID:1	[LOG] Node 01:00 RECEIVED packet from 06:00 originally sent by 04:00 (hops: 2)
106629955	ID:6	rp: Packet sent successfully (ACK received), retransmissions: 1
106635916	ID:1	[LOG] Node 01:00 is FORWARDING packet from 04:00 to destination 05:00 via next-hop 05:00
106639391	ID:1	--------------------------------------------------
106641567	ID:1	Routing Table for node 01:00
106644214	ID:1	Parent: 00:00   |   Metric: 0.00
106649154	ID:1	--------------------------------------------------
106653215	ID:1	   Dest    |  Next Hop |   Type   |  Metric |  Age (ticks)
106656689	ID:1	--------------------------------------------------
106663884	ID:1	 07:00     | 07:00     |    CHILD | 3.26 |       2168
106671288	ID:1	 05:00     | 05:00     | NEIGHBOR | 14.73 |       3312
106677711	ID:1	 06:00     | 06:00     |    CHILD | 4.93 |          6
106686846	ID:1	 02:00     | 02:00     |    CHILD | 11.59 |       3723
106694934	ID:1	 0a:00     | 07:00     | DESCENDANT | 4095.93 |      13497
106703081	ID:1	 03:00     | 07:00     | DESCENDANT | 4095.93 |      13498
106712885	ID:1	 09:00     | 07:00     | DESCENDANT | 4095.93 |      13499
106721035	ID:1	 08:00     | 07:00     | DESCENDANT | 4095.93 |      13500
106729184	ID:1	 04:00     | 06:00     | DESCENDANT | 4095.93 |      13501
106732658	ID:1	--------------------------------------------------
106732726	ID:1	
106762201	ID:1	rp: Packet sent successfully (ACK received), retransmissions: 1
106762635	ID:5	[LOG] Node 05:00 RECEIVED packet from 01:00 originally sent by 04:00 (hops: 3)
106765458	ID:5	App: Recv from 04:00 seqn 2 hops 3
107388458	ID:8	App: Send seqn 2 to 07:00
107393534	ID:8	[LOG] Node 08:00 is SENDING packet to 07:00 via next-hop 09:00
107397009	ID:8	--------------------------------------------------
107399185	ID:8	Routing Table for node 08:00
107402115	ID:8	Parent: 09:00   |   Metric: 383.00
107405589	ID:8	--------------------------------------------------
107411090	ID:8	   Dest    |  Next Hop |   Type   |  Metric |  Age (ticks)
107414565	ID:8	--------------------------------------------------
107421963	ID:8	 03:00     | 03:00     | NEIGHBOR | 21.39 |       3563
107429360	ID:8	 09:00     | 09:00     |   PARENT | 23.43 |       2472
107432834	ID:8	--------------------------------------------------
107432903	ID:8	
107454678	ID:8	rp: Packet sent successfully (ACK received), retransmissions: 1
107455035	ID:9	[LOG] Node 09:00 RECEIVED packet from 08:00 originally sent by 08:00 (hops: 1)
107462311	ID:9	[LOG] Node 09:00 is FORWARDING packet from 08:00 to destination 07:00 via next-hop 0a:00
107465786	ID:9	--------------------------------------------------
107467961	ID:9	Routing Table for node 09:00
107470889	ID:9	Parent: 0a:00   |   Metric: 289.00
107475870	ID:9	--------------------------------------------------
107479889	ID:9	   Dest    |  Next Hop |   Type   |  Metric |  Age (ticks)
107483364	ID:9	--------------------------------------------------
107490760	ID:9	 0a:00     | 0a:00     |   PARENT | 15.90 |       2492
107498177	ID:9	 03:00     | 03:00     | NEIGHBOR | 14.82 |       5674
107505506	ID:9	 08:00     | 08:00     |    CHILD | 28.92 |          6
107509777	ID:9	--------------------------------------------------
107509845	ID:9	
107555799	ID:9	rp: Packet sent successfully (ACK received), retransmissions: 1
107556429	ID:10	[LOG] Node 0a:00 RECEIVED packet from 09:00 originally sent by 08:00 (hops: 2)
107563695	ID:10	[LOG] Node 0a:00 is FORWARDING packet from 08:00 to destination 07:00 via next-hop 07:00
107567169	ID:10	--------------------------------------------------
107569393	ID:10	Routing Table for node 0a:00
107572319	ID:10	Parent: 07:00   |   Metric: 138.00
107575793	ID:10	--------------------------------------------------
107581334	ID:10	   Dest    |  Next Hop |   Type   |  Metric |  Age (ticks)
107584809	ID:10	--------------------------------------------------
107592018	ID:10	 07:00     | 07:00     |   PARENT | 6.85 |       2304
107599485	ID:10	 03:00     | 03:00     |    CHILD | 16.80 |       3792
107606112	ID:10	 09:00     | 09:00     |    CHILD | 25.34 |          6
107615916	ID:10	 08:00     | 09:00     | DESCENDANT | 4095.93 |      13687
107619390	ID:10	--------------------------------------------------
107619458	ID:10	
107653291	ID:10	rp: Packet sent successfully (ACK received), retransmissions: 1
107653781	ID:7	[LOG] Node 07:00 RECEIVED packet from 0a:00 originally sent by 08:00 (hops: 3)
107656673	ID:7	App: Recv from 08:00 seqn 2 hops 3
107903425	ID:2	App: Send seqn 2 to 03:00
107910063	ID:2	[LOG] Node 02:00 is SENDING packet to 03:00 via next-hop 01:00
107913538	ID:2	--------------------------------------------------
107915714	ID:2	Routing Table for node 02:00
107918488	ID:2	Parent: 01:00   |   Metric: 97.00
107921963	ID:2	--------------------------------------------------
107925981	ID:2	   Dest    |  Next Hop |   Type   |  Metric |  Age (ticks)
107929456	ID:2	--------------------------------------------------
107936240	ID:2	 01:00     | 01:00     |   PARENT | 5.53 |       3882
107945203	ID:2	 07:00     | 07:00     | NEIGHBOR | 8.78 |       3262
107952511	ID:2	 05:00     | 05:00     | NEIGHBOR | 8.31 |       5807
107959898	ID:2	 06:00     | 06:00     | NEIGHBOR | 11.59 |       5805
107963390	ID:2	--------------------------------------------------
107963459	ID:2	
108002543	ID:1	[LOG] Node 01:00 RECEIVED packet from 02:00 originally sent by 02:00 (hops: 1)
108003431	ID:2	rp: Packet sent successfully (ACK received), retransmissions: 1
108009910	ID:1	[LOG] Node 01:00 is FORWARDING packet from 02:00 to destination 03:00 via next-hop 07:00
108013385	ID:1	--------------------------------------------------
108015598	ID:1	Routing Table for node 01:00
108018245	ID:1	Parent: 00:00   |   Metric: 0.00
108021719	ID:1	--------------------------------------------------
108027262	ID:1	   Dest    |  Next Hop |   Type   |  Metric |  Age (ticks)
108030737	ID:1	--------------------------------------------------
108037928	ID:1	 07:00     | 07:00     |    CHILD | 3.26 |       2344
108045110	ID:1	 05:00     | 05:00     | NEIGHBOR | 14.22 |        164
108052180	ID:1	 06:00     | 06:00     |    CHILD | 4.93 |        181
108060460	ID:1	 02:00     | 02:00     |    CHILD | 11.59 |          6
108068609	ID:1	 0a:00     | 07:00     | DESCENDANT | 4095.93 |      13672
108076758	ID:1	 03:00     | 07:00     | DESCENDANT | 4095.93 |      13673
108085692	ID:1	 09:00     | 07:00     | DESCENDANT | 4095.93 |      13675
108094720	ID:1	 08:00     | 07:00     | DESCENDANT | 4095.93 |      13676
108102869	ID:1	 04:00     | 06:00     | DESCENDANT | 4095.93 |      13677
108106343	ID:1	--------------------------------------------------
108106412	ID:1	
108154654	ID:1	rp: Packet sent successfully (ACK received), retransmissions: 1
108155144	ID:7	[LOG] Node 07:00 RECEIVED packet from 01:00 originally sent by 02:00 (hops: 2)
108162470	ID:7	[LOG] Node 07:00 is FORWARDING packet from 02:00 to destination 03:00 via next-hop 0a:00
108165945	ID:7	--------------------------------------------------
108168120	ID:7	Routing Table for node 07:00
108170893	ID:7	Parent: 01:00   |   Metric: 26.00
108175795	ID:7	--------------------------------------------------
108179814	ID:7	   Dest    |  Next Hop |   Type   |  Metric |  Age (ticks)
108183289	ID:7	--------------------------------------------------
108189224	ID:7	 01:00     | 01:00     |   PARENT | 1.66 |          4
108196700	ID:7	 05:00     | 05:00     | NEIGHBOR | 16.41 |       3637
108204170	ID:7	 06:00     | 06:00     | NEIGHBOR | 10.15 |       5835
108213287	ID:7	 02:00     | 02:00     | NEIGHBOR | 12.65 |       3297
108220131	ID:7	 0a:00     | 0a:00     |    CHILD | 14.64 |         72
108228281	ID:7	 03:00     | 0a:00     | DESCENDANT | 4095.93 |      13798
108237892	ID:7	 09:00     | 0a:00     | DESCENDANT | 4095.93 |      13799
108246213	ID:7	 08:00     | 0a:00     | DESCENDANT | 4095.93 |      13800
108249686	ID:7	--------------------------------------------------
108249754	ID:7	
108276461	ID:7	rp: Packet sent successfully (ACK received), retransmissions: 1
108277039	ID:10	[LOG] Node 0a:00 RECEIVED packet from 07:00 originally sent by 02:00 (hops: 3)
108284285	ID:10	[LOG] Node 0a:00 is FORWARDING packet from 02:00 to destination 03:00 via next-hop 03:00
108287760	ID:10	--------------------------------------------------
108289937	ID:10	Routing Table for node 0a:00
108292863	ID:10	Parent: 07:00   |   Metric: 138.00
108297837	ID:10	--------------------------------------------------
108301856	ID:10	   Dest    |  Next Hop |   Type   |  Metric |  Age (ticks)
108305331	ID:10	--------------------------------------------------
108311774	ID:10	 07:00     | 07:00     |   PARENT | 6.51 |          4
108319144	ID:10	 03:00     | 03:00     |    CHILD | 16.80 |       3884
108325960	ID:10	 09:00     | 09:00     |    CHILD | 25.34 |         98
108335856	ID:10	 08:00     | 09:00     | DESCENDANT | 4095.93 |      13780
108339329	ID:10	--------------------------------------------------
108339397	ID:10	
108375561	ID:10	rp: Packet sent successfully (ACK received), retransmissions: 1
108376118	ID:3	[LOG] Node 03:00 RECEIVED packet from 0a:00 originally sent by 02:00 (hops: 4)
108378940	ID:3	App: Recv from 02:00 seqn 2 hops 4
108911172	ID:7	App: Send seqn 2 to 02:00
108916274	ID:7	[LOG] Node 07:00 is SENDING packet to 02:00 via next-hop 02:00
108919750	ID:7	--------------------------------------------------
108921926	ID:7	Routing Table for node 07:00
108926279	ID:7	Parent: 01:00   |   Metric: 26.00
108929754	ID:7	--------------------------------------------------
108933772	ID:7	   Dest    |  Next Hop |   Type   |  Metric |  Age (ticks)
108937247	ID:7	--------------------------------------------------
108943829	ID:7	 01:00     | 01:00     |   PARENT | 1.66 |        100
108951225	ID:7	 05:00     | 05:00     | NEIGHBOR | 16.41 |       3733
108960159	ID:7	 06:00     | 06:00     | NEIGHBOR | 10.15 |       5931
108965620	ID:5	App: Send seqn 2 to 07:00
108967613	ID:7	 02:00     | 02:00     | NEIGHBOR | 12.65 |       3393
108972313	ID:5	[LOG] Node 05:00 is SENDING packet to 07:00 via next-hop 07:00
108974432	ID:7	 0a:00     | 0a:00     |    CHILD | 14.22 |         88
108975787	ID:5	--------------------------------------------------
108977964	ID:5	Routing Table for node 05:00
108980891	ID:5	Parent: 01:00   |   Metric: 117.00
108982502	ID:7	 03:00     | 0a:00     | DESCENDANT | 4095.93 |      13894
108984365	ID:5	--------------------------------------------------
108988384	ID:5	   Dest    |  Next Hop |   Type   |  Metric |  Age (ticks)
108991858	ID:5	--------------------------------------------------
108992137	ID:7	 09:00     | 0a:00     | DESCENDANT | 4095.93 |      13895
108998351	ID:5	 01:00     | 01:00     |   PARENT | 7.31 |        285
109000248	ID:7	 08:00     | 0a:00     | DESCENDANT | 4095.93 |      13896
109003722	ID:7	--------------------------------------------------
109003790	ID:7	
109007187	ID:5	 07:00     | 07:00     | NEIGHBOR | 9.91 |       3740
109014412	ID:5	 02:00     | 02:00     | NEIGHBOR | 7.06 |       5948
109017907	ID:5	--------------------------------------------------
109017976	ID:5	
109044776	ID:7	rp: Packet sent successfully (ACK received), retransmissions: 1
109045212	ID:2	[LOG] Node 02:00 RECEIVED packet from 07:00 originally sent by 07:00 (hops: 1)
109048052	ID:2	App: Recv from 07:00 seqn 2 hops 1
109061079	ID:5	rp: Packet sent successfully (ACK received), retransmissions: 1
109061461	ID:7	[LOG] Node 07:00 RECEIVED packet from 05:00 originally sent by 05:00 (hops: 1)
109064300	ID:7	App: Recv from 05:00 seqn 2 hops 1
109086966	ID:3	App: Send seqn 2 to 08:00
109092067	ID:3	[LOG] Node 03:00 is SENDING packet to 08:00 via next-hop 08:00
109095541	ID:3	--------------------------------------------------
109097718	ID:3	Routing Table for node 03:00
109100644	ID:3	Parent: 0a:00   |   Metric: 201.00
109104118	ID:3	--------------------------------------------------
109108137	ID:3	   Dest    |  Next Hop |   Type   |  Metric |  Age (ticks)
109111611	ID:3	--------------------------------------------------
109120007	ID:3	 0a:00     | 0a:00     |   PARENT | 12.59 |         94
109127407	ID:3	 09:00     | 09:00     | NEIGHBOR | 20.32 |       5896
109134784	ID:3	 08:00     | 08:00     | NEIGHBOR | 32.06 |       3782
109138265	ID:3	--------------------------------------------------
109138334	ID:3	
109169574	ID:3	rp: Packet sent successfully (ACK received), retransmissions: 1
109170024	ID:8	[LOG] Node 08:00 RECEIVED packet from 03:00 originally sent by 03:00 (hops: 1)
109172846	ID:8	App: Recv from 03:00 seqn 2 hops 1
110290963	ID:1	App: Send seqn 2 to 02:00
110296052	ID:1	[LOG] Node 01:00 is SENDING packet to 02:00 via next-hop 02:00
110299527	ID:1	--------------------------------------------------
110301702	ID:1	Routing Table for node 01:00
110305931	ID:1	Parent: 00:00   |   Metric: 0.00
110309405	ID:1	--------------------------------------------------
110313425	ID:1	   Dest    |  Next Hop |   Type   |  Metric |  Age (ticks)
110316899	ID:1	--------------------------------------------------
110323832	ID:1	 07:00     | 07:00     |    CHILD | 3.27 |        277
110330934	ID:1	 05:00     | 05:00     | NEIGHBOR | 14.22 |        456
110339446	ID:1	 06:00     | 06:00     |    CHILD | 4.93 |        474
110346558	ID:1	 02:00     | 02:00     |    CHILD | 11.59 |        299
110354633	ID:1	 0a:00     | 07:00     | DESCENDANT | 4095.93 |      13965
110362717	ID:1	 03:00     | 07:00     | DESCENDANT | 4095.93 |      13966
110372424	ID:1	 09:00     | 07:00     | DESCENDANT | 4095.93 |      13967
110380575	ID:1	 08:00     | 07:00     | DESCENDANT | 4095.93 |      13968
110388726	ID:1	 04:00     | 06:00     | DESCENDANT | 4095.93 |      13969
110392218	ID:1	--------------------------------------------------
110392287	ID:1	
110418782	ID:1	rp: Packet sent successfully (ACK received), retransmissions: 1
110419393	ID:2	[LOG] Node 02:00 RECEIVED packet from 01:00 originally sent by 01:00 (hops: 1)
110422215	ID:2	App: Recv from 01:00 seqn 2 hops 1
114025554	ID:6	App: Send seqn 2 to 09:00
114032195	ID:6	[LOG] Node 06:00 is SENDING packet to 09:00 via next-hop 01:00
114035669	ID:6	--------------------------------------------------
114037845	ID:6	Routing Table for node 06:00
114040620	ID:6	Parent: 01:00   |   Metric: 37.00
114044094	ID:6	--------------------------------------------------
114048113	ID:6	   Dest    |  Next Hop |   Type   |  Metric |  Age (ticks)
114051587	ID:6	--------------------------------------------------
114058108	ID:6	 01:00     | 01:00     |   PARENT | 2.12 |        950
114067045	ID:6	 07:00     | 07:00     | NEIGHBOR | 9.46 |       6603
114074471	ID:6	 02:00     | 02:00     | NEIGHBOR | 15.34 |       6596
114081594	ID:6	 04:00     | 04:00     |    CHILD | 13.54 |        964
114085069	ID:6	--------------------------------------------------
114085138	ID:6	
114128722	ID:1	[LOG] Node 01:00 RECEIVED packet from 06:00 originally sent by 06:00 (hops: 1)
114129958	ID:6	rp: Packet sent successfully (ACK received), retransmissions: 1
114136095	ID:1	[LOG] Node 01:00 is FORWARDING packet from 06:00 to destination 09:00 via next-hop 07:00
114139570	ID:1	--------------------------------------------------
114141746	ID:1	Routing Table for node 01:00
114144392	ID:1	Parent: 00:00   |   Metric: 0.00
114149354	ID:1	--------------------------------------------------
114153374	ID:1	   Dest    |  Next Hop |   Type   |  Metric |  Age (ticks)
114156849	ID:1	--------------------------------------------------
114163748	ID:1	 07:00     | 07:00     |    CHILD | 3.27 |        769
114170848	ID:1	 05:00     | 05:00     | NEIGHBOR | 14.22 |        948
114177362	ID:1	 06:00     | 06:00     |    CHILD | 4.93 |          6
114186200	ID:1	 02:00     | 02:00     |    CHILD | 11.19 |        482
114194349	ID:1	 0a:00     | 07:00     | DESCENDANT | 4095.93 |      14457
114202498	ID:1	 03:00     | 07:00     | DESCENDANT | 4095.93 |      14458
114212242	ID:1	 09:00     | 07:00     | DESCENDANT | 4095.93 |      14459
114220304	ID:1	 08:00     | 07:00     | DESCENDANT | 4095.93 |      14460
114228452	ID:1	 04:00     | 06:00     | DESCENDANT | 4095.93 |      14461
114231926	ID:1	--------------------------------------------------
114231994	ID:1	
114280078	ID:1	rp: Packet sent successfully (ACK received), retransmissions: 1
114280653	ID:7	[LOG] Node 07:00 RECEIVED packet from 01:00 originally sent by 06:00 (hops: 2)
114287988	ID:7	[LOG] Node 07:00 is FORWARDING packet from 06:00 to destination 09:00 via next-hop 0a:00
114291480	ID:7	--------------------------------------------------
114293656	ID:7	Routing Table for node 07:00
114296429	ID:7	Parent: 01:00   |   Metric: 26.00
114301386	ID:7	--------------------------------------------------
114305406	ID:7	   Dest    |  Next Hop |   Type   |  Metric |  Age (ticks)
114308881	ID:7	--------------------------------------------------
114314817	ID:7	 01:00     | 01:00     |   PARENT | 1.66 |          4
114321976	ID:7	 05:00     | 05:00     | NEIGHBOR | 16.41 |        673
114329444	ID:7	 06:00     | 06:00     | NEIGHBOR | 10.15 |       6619
114338285	ID:7	 02:00     | 02:00     | NEIGHBOR | 12.16 |        677
114345409	ID:7	 0a:00     | 0a:00     |    CHILD | 14.22 |        776
114353560	ID:7	 03:00     | 0a:00     | DESCENDANT | 4095.93 |      14582
114363248	ID:7	 09:00     | 0a:00     | DESCENDANT | 4095.93 |      14583
114371506	ID:7	 08:00     | 0a:00     | DESCENDANT | 4095.93 |      14584
114374980	ID:7	--------------------------------------------------
114375048	ID:7	
114399650	ID:7	rp: Packet sent successfully (ACK received), retransmissions: 1
114399663	ID:10	[LOG] Node 0a:00 RECEIVED packet from 07:00 originally sent by 06:00 (hops: 3)
114406944	ID:10	[LOG] Node 0a:00 is FORWARDING packet from 06:00 to destination 09:00 via next-hop 09:00
114410419	ID:10	--------------------------------------------------
114412688	ID:10	Routing Table for node 0a:00
114415614	ID:10	Parent: 07:00   |   Metric: 138.00
114419088	ID:10	--------------------------------------------------
114424607	ID:10	   Dest    |  Next Hop |   Type   |  Metric |  Age (ticks)
114428082	ID:10	--------------------------------------------------
114434492	ID:10	 07:00     | 07:00     |   PARENT | 6.51 |          4
114441684	ID:10	 03:00     | 03:00     |    CHILD | 16.52 |        775
114448870	ID:10	 09:00     | 09:00     |    CHILD | 25.34 |        881
114458570	ID:10	 08:00     | 09:00     | DESCENDANT | 4095.93 |      14563
114462049	ID:10	--------------------------------------------------
114462117	ID:10	
114486869	ID:9	[LOG] Node 09:00 RECEIVED packet from 0a:00 originally sent by 06:00 (hops: 4)
114487750	ID:10	rp: Packet sent successfully (ACK received), retransmissions: 1
114489746	ID:9	App: Recv from 06:00 seqn 2 hops 4
119337337	ID:10	App: Send seqn 2 to 07:00
119342467	ID:10	[LOG] Node 0a:00 is SENDING packet to 07:00 via next-hop 07:00
119345942	ID:10	--------------------------------------------------
119348120	ID:10	Routing Table for node 0a:00
119351045	ID:10	Parent: 07:00   |   Metric: 138.00
119354519	ID:10	--------------------------------------------------
119360064	ID:10	   Dest    |  Next Hop |   Type   |  Metric |  Age (ticks)
119363538	ID:10	--------------------------------------------------
119370532	ID:10	 07:00     | 07:00     |   PARENT | 6.51 |        635
119378000	ID:10	 03:00     | 03:00     |    CHILD | 16.52 |       1407
119385178	ID:10	 09:00     | 09:00     |    CHILD | 24.78 |        626
119394842	ID:10	 08:00     | 09:00     | DESCENDANT | 4095.93 |      15195
119398322	ID:10	--------------------------------------------------
119398392	ID:10	
119434541	ID:10	rp: Packet sent successfully (ACK received), retransmissions: 1
119435239	ID:7	[LOG] Node 07:00 RECEIVED packet from 0a:00 originally sent by 0a:00 (hops: 1)
119438133	ID:7	App: Recv from 0a:00 seqn 2 hops 1
119461134	ID:9	App: Send seqn 2 to 04:00
119466149	ID:9	[LOG] Node 09:00 is SENDING packet to 04:00 via next-hop 0a:00
119469641	ID:9	--------------------------------------------------
119471817	ID:9	Routing Table for node 09:00
119476317	ID:9	Parent: 0a:00   |   Metric: 289.00
119479791	ID:9	--------------------------------------------------
119483836	ID:9	   Dest    |  Next Hop |   Type   |  Metric |  Age (ticks)
119487310	ID:9	--------------------------------------------------
119494321	ID:9	 0a:00     | 0a:00     |   PARENT | 15.35 |        640
119501787	ID:9	 03:00     | 03:00     | NEIGHBOR | 14.82 |       7210
119510865	ID:9	 08:00     | 08:00     |    CHILD | 28.92 |       1542
119514338	ID:9	--------------------------------------------------
119514408	ID:9	
119557679	ID:9	rp: Packet sent successfully (ACK received), retransmissions: 1
119558286	ID:10	[LOG] Node 0a:00 RECEIVED packet from 09:00 originally sent by 09:00 (hops: 1)
119565533	ID:10	[LOG] Node 0a:00 is FORWARDING packet from 09:00 to destination 04:00 via next-hop 07:00
119569007	ID:10	--------------------------------------------------
119571185	ID:10	Routing Table for node 0a:00
119574111	ID:10	Parent: 07:00   |   Metric: 138.00
119579086	ID:10	--------------------------------------------------
119583106	ID:10	   Dest    |  Next Hop |   Type   |  Metric |  Age (ticks)
119586580	ID:10	--------------------------------------------------
119593294	ID:10	 07:00     | 07:00     |   PARENT | 6.21 |         20
119600765	ID:10	 03:00     | 03:00     |    CHILD | 16.52 |       1436
119607290	ID:10	 09:00     | 09:00     |    CHILD | 24.78 |          6
119617195	ID:10	 08:00     | 09:00     | DESCENDANT | 4095.93 |      15224
119620669	ID:10	--------------------------------------------------
119620737	ID:10	
119654431	ID:10	rp: Packet sent successfully (ACK received), retransmissions: 1
119654892	ID:7	[LOG] Node 07:00 RECEIVED packet from 0a:00 originally sent by 09:00 (hops: 2)
119662328	ID:7	[LOG] Node 07:00 is FORWARDING packet from 09:00 to destination 04:00 via next-hop 01:00
119665803	ID:7	--------------------------------------------------
119667978	ID:7	Routing Table for node 07:00
119670751	ID:7	Parent: 01:00   |   Metric: 26.00
119675664	ID:7	--------------------------------------------------
119679725	ID:7	   Dest    |  Next Hop |   Type   |  Metric |  Age (ticks)
119683200	ID:7	--------------------------------------------------
119689695	ID:7	 01:00     | 01:00     |   PARENT | 1.66 |        692
119697166	ID:7	 05:00     | 05:00     | NEIGHBOR | 16.41 |       1361
119704637	ID:7	 06:00     | 06:00     | NEIGHBOR | 10.15 |       7307
119713728	ID:7	 02:00     | 02:00     | NEIGHBOR | 12.16 |       1365
119720273	ID:7	 0a:00     | 0a:00     |    CHILD | 13.85 |          8
119728429	ID:7	 03:00     | 0a:00     | DESCENDANT | 4095.93 |      15270
119738091	ID:7	 09:00     | 0a:00     | DESCENDANT | 4095.93 |      15271
119746355	ID:7	 08:00     | 0a:00     | DESCENDANT | 4095.93 |      15272
119749828	ID:7	--------------------------------------------------
119749896	ID:7	
119783657	ID:7	rp: Packet sent successfully (ACK received), retransmissions: 1
119784270	ID:1	[LOG] Node 01:00 RECEIVED packet from 07:00 originally sent by 09:00 (hops: 3)
119791726	ID:1	[LOG] Node 01:00 is FORWARDING packet from 09:00 to destination 04:00 via next-hop 06:00
119795201	ID:1	--------------------------------------------------
119797377	ID:1	Routing Table for node 01:00
119800024	ID:1	Parent: 00:00   |   Metric: 0.00
119804254	ID:1	--------------------------------------------------
119808989	ID:1	   Dest    |  Next Hop |   Type   |  Metric |  Age (ticks)
119812464	ID:1	--------------------------------------------------
119818809	ID:1	 07:00     | 07:00     |    CHILD | 3.28 |          4
119826274	ID:1	 05:00     | 05:00     | NEIGHBOR | 14.22 |       1672
119833346	ID:1	 06:00     | 06:00     |    CHILD | 4.93 |        729
119842467	ID:1	 02:00     | 02:00     |    CHILD | 11.19 |       1205
119850624	ID:1	 0a:00     | 07:00     | DESCENDANT | 4095.93 |      15181
119858788	ID:1	 03:00     | 07:00     | DESCENDANT | 4095.93 |      15182
119868500	ID:1	 09:00     | 07:00     | DESCENDANT | 4095.93 |      15183
119876572	ID:1	 08:00     | 07:00     | DESCENDANT | 4095.93 |      15184
119884729	ID:1	 04:00     | 06:00     | DESCENDANT | 4095.93 |      15185
119888203	ID:1	--------------------------------------------------
119888271	ID:1	
119917293	ID:1	rp: Packet sent successfully (ACK received), retransmissions: 1
119917796	ID:6	[LOG] Node 06:00 RECEIVED packet from 01:00 originally sent by 09:00 (hops: 4)
119925078	ID:6	[LOG] Node 06:00 is FORWARDING packet from 09:00 to destination 04:00 via next-hop 04:00
119928552	ID:6	--------------------------------------------------
119930728	ID:6	Routing Table for node 06:00
119933502	ID:6	Parent: 01:00   |   Metric: 37.00
119938495	ID:6	--------------------------------------------------
119942514	ID:6	   Dest    |  Next Hop |   Type   |  Metric |  Age (ticks)
119945989	ID:6	--------------------------------------------------
119951946	ID:6	 01:00     | 01:00     |   PARENT | 2.10 |          4
119959304	ID:6	 07:00     | 07:00     | NEIGHBOR | 9.46 |       7358
119966780	ID:6	 02:00     | 02:00     | NEIGHBOR | 15.34 |       7351
119975894	ID:6	 04:00     | 04:00     |    CHILD | 13.54 |       1719
119979367	ID:6	--------------------------------------------------
119979435	ID:6	
120013167	ID:6	rp: Packet sent successfully (ACK received), retransmissions: 1
120013280	ID:4	[LOG] Node 04:00 RECEIVED packet from 06:00 originally sent by 09:00 (hops: 5)
120016102	ID:4	App: Recv from 09:00 seqn 2 hops 5
120359435	ID:6	Energest: 7 29576 461941 962 15127
120393884	ID:8	Energest: 7 21395 470122 92 13607
120412450	ID:3	Energest: 7 22208 469308 275 13688
120424801	ID:2	Energest: 7 22973 468544 412 14450
120472317	ID:7	Energest: 7 37261 454255 1100 15421
120517906	ID:5	Energest: 7 22000 469517 92 13971
120718415	ID:10	Energest: 7 36864 454652 1514 15364
120803534	ID:9	Energest: 7 27472 464044 1057 14928
121143170	ID:4	Energest: 7 20950 470566 137 13457
121289620	ID:1	Energest: 7 42784 448733 1833 15614
122289656	ID:1	rp-tree-build: sending beacon: seqn 3 metric 0.00
122321953	ID:7	rp-tree-build: updating parent from 01:00 to 01:00, new metric 1.68, new hops 1 (received beacon seqn 3)
122331959	ID:6	rp-tree-build: updating parent from 01:00 to 01:00, new metric 2.12, new hops 1 (received beacon seqn 3)
122334608	ID:5	rp-tree-build: updating parent from 01:00 to 01:00, new metric 7.31, new hops 1 (received beacon seqn 3)
122334613	ID:2	rp-tree-build: updating parent from 01:00 to 01:00, new metric 5.12, new hops 1 (received beacon seqn 3)
122451181	ID:6	rp-tree-build: sending beacon: seqn 3 metric 2.12
122454053	ID:2	rp-tree-build: sending beacon: seqn 3 metric 5.12
122473186	ID:1	rp-tree-build: new child 06:00, my metric 0.00, my seqn 3
122483703	ID:2	rp-tree-build: new neighbor 06:00, my metric 5.12, my seqn 3
122490040	ID:4	rp-tree-build: updating parent from 06:00 to 06:00, new metric 6.75, new hops 2 (received beacon seqn 3)
122500060	ID:7	rp-tree-build: new neighbor 06:00, my metric 1.68, my seqn 3
122516257	ID:5	rp-tree-build: sending beacon: seqn 3 metric 7.31
122531355	ID:7	rp-tree-build: new neighbor 02:00, my metric 1.68, my seqn 3
122534678	ID:1	rp-tree-build: new child 02:00, my metric 0.00, my seqn 3
122544859	ID:6	rp-tree-build: new neighbor 02:00, my metric 2.12, my seqn 3
122547724	ID:5	rp-tree-build: new neighbor 02:00, my metric 7.31, my seqn 3
122579629	ID:2	rp-tree-build: new neighbor 05:00, my metric 5.12, my seqn 3
122593611	ID:7	rp-tree-build: new neighbor 05:00, my metric 1.68, my seqn 3
122596984	ID:1	rp-tree-build: new child 05:00, my metric 0.00, my seqn 3
122626245	ID:7	rp-tree-build: sending beacon: seqn 3 metric 1.68
122659509	ID:1	rp-tree-build: new child 07:00, my metric 0.00, my seqn 3
122660140	ID:10	rp-tree-build: updating parent from 07:00 to 07:00, new metric 6.00, new hops 2 (received beacon seqn 3)
122666798	ID:6	rp-tree-build: new neighbor 07:00, my metric 2.12, my seqn 3
122672314	ID:5	rp-tree-build: new neighbor 07:00, my metric 7.31, my seqn 3
122672648	ID:2	rp-tree-build: new neighbor 07:00, my metric 5.12, my seqn 3
122734943	ID:4	rp-tree-build: sending beacon: seqn 3 metric 6.75
122764458	ID:6	rp-tree-build: new child 04:00, my metric 2.12, my seqn 3
122903177	ID:10	rp-tree-build: sending beacon: seqn 3 metric 6.00
122938124	ID:7	rp-tree-build: new child 0a:00, my metric 1.68, my seqn 3
122948213	ID:3	rp-tree-build: updating parent from 0a:00 to 0a:00, new metric 9.93, new hops 3 (received beacon seqn 3)
122964419	ID:9	rp-tree-build: updating parent from 0a:00 to 0a:00, new metric 12.25, new hops 3 (received beacon seqn 3)
123129212	ID:3	rp-tree-build: sending beacon: seqn 3 metric 9.93
123152555	ID:10	rp-tree-build: new child 03:00, my metric 6.00, my seqn 3
123175447	ID:9	rp-tree-build: new neighbor 03:00, my metric 12.25, my seqn 3
123179656	ID:8	rp-tree-build: updating parent from 03:00 to 03:00, new metric 18.75, new hops 4 (received beacon seqn 3)
123270055	ID:9	rp-tree-build: sending beacon: seqn 3 metric 12.25
123297016	ID:8	rp-tree-build: new neighbor 09:00, my metric 18.75, my seqn 3
123310020	ID:10	rp-tree-build: new child 09:00, my metric 6.00, my seqn 3
123316009	ID:3	rp-tree-build: new neighbor 09:00, my metric 9.93, my seqn 3
123423601	ID:8	rp-tree-build: sending beacon: seqn 3 metric 18.75
123456056	ID:9	rp-tree-build: new neighbor 08:00, my metric 12.25, my seqn 3
123472159	ID:3	rp-tree-build: new child 08:00, my metric 9.93, my seqn 3
124714545	ID:10	[LOG] Node 0a:00 RECEIVED packet from 03:00 originally sent by 03:00 (hops: 1)
124714699	ID:10	
124715677	ID:3	rp: Packet sent successfully (ACK received), retransmissions: 1
124717900	ID:10	[TOPOLOGY REPORT] Received from Child 03:00
124720829	ID:10	------------------------------------------
124722532	ID:10	 Node Address  | Status 
124725461	ID:10	------------------------------------------
124727159	ID:10	 08:00        | Added
124730088	ID:10	------------------------------------------
124730157	ID:10	
124734685	ID:10	topology-report: report from child 03:00
124739522	ID:10	topology-report: new descendant 08:00, from child 03:00
124872950	ID:10	rp: Packet sent successfully (ACK received), retransmissions: 1
124873281	ID:7	[LOG] Node 07:00 RECEIVED packet from 0a:00 originally sent by 0a:00 (hops: 1)
124873489	ID:7	
124876690	ID:7	[TOPOLOGY REPORT] Received from Child 0a:00
124879619	ID:7	------------------------------------------
124881323	ID:7	 Node Address  | Status 
124884252	ID:7	------------------------------------------
124885950	ID:7	 03:00        | Added
124887647	ID:7	 09:00        | Added
124889345	ID:7	 08:00        | Added
124893044	ID:7	------------------------------------------
124893112	ID:7	
124896792	ID:7	topology-report: report from child 0a:00
124901677	ID:7	topology-report: new descendant 03:00, from child 0a:00
124906137	ID:7	topology-report: new descendant 09:00, from child 0a:00
124910654	ID:7	topology-report: new descendant 08:00, from child 0a:00
125064558	ID:7	rp: Packet sent successfully (ACK received), retransmissions: 1
125064917	ID:1	[LOG] Node 01:00 RECEIVED packet from 07:00 originally sent by 07:00 (hops: 1)
125065054	ID:1	
125068254	ID:1	[TOPOLOGY REPORT] Received from Child 07:00
125071183	ID:1	------------------------------------------
125072887	ID:1	 Node Address  | Status 
125075816	ID:1	------------------------------------------
125077539	ID:1	 0a:00        | Added
125079237	ID:1	 03:00        | Added
125080935	ID:1	 09:00        | Added
125082633	ID:1	 08:00        | Added
125087037	ID:1	------------------------------------------
125087105	ID:1	
125090099	ID:1	topology-report: report from child 07:00
125095018	ID:1	topology-report: new descendant 0a:00, from child 07:00
125099455	ID:1	topology-report: new descendant 03:00, from child 07:00
125103914	ID:1	topology-report: new descendant 09:00, from child 07:00
125108386	ID:1	topology-report: new descendant 08:00, from child 07:00
127377622	ID:1	[LOG] Node 01:00 RECEIVED packet from 06:00 originally sent by 06:00 (hops: 1)
127377795	ID:1	
127378544	ID:6	rp: Packet sent successfully (ACK received), retransmissions: 1
127380995	ID:1	[TOPOLOGY REPORT] Received from Child 06:00
127383928	ID:1	------------------------------------------
127385631	ID:1	 Node Address  | Status 
127388561	ID:1	------------------------------------------
127390321	ID:1	 04:00        | Added
127393250	ID:1	------------------------------------------
127393318	ID:1	
127396313	ID:1	topology-report: report from child 06:00
127402730	ID:1	topology-report: new descendant 04:00, from child 06:00
135359621	ID:6	Energest: 8 26273 465254 735 13739
135394418	ID:8	Energest: 8 24682 466845 603 13459
135412987	ID:3	Energest: 8 26744 464783 1241 14125
135424988	ID:2	Energest: 8 25787 465740 595 13617
135472176	ID:7	Energest: 8 28398 463129 828 14216
135518439	ID:5	Energest: 8 25252 466275 605 13468
135718630	ID:10	Energest: 8 27686 463841 1102 14362
135803389	ID:9	Energest: 8 25148 466379 600 13796
135863734	ID:5	App: Send seqn 3 to 07:00
135868802	ID:5	[LOG] Node 05:00 is SENDING packet to 07:00 via next-hop 07:00
135872276	ID:5	--------------------------------------------------
135874451	ID:5	Routing Table for node 05:00
135878967	ID:5	Parent: 01:00   |   Metric: 117.00
135882441	ID:5	--------------------------------------------------
135886460	ID:5	   Dest    |  Next Hop |   Type   |  Metric |  Age (ticks)
135889934	ID:5	--------------------------------------------------
135896793	ID:5	 01:00     | 01:00     |   PARENT | 7.31 |       1737
135904144	ID:5	 07:00     | 07:00     | NEIGHBOR | 9.29 |       1694
135912961	ID:5	 02:00     | 02:00     | NEIGHBOR | 6.12 |       1711
135916434	ID:5	--------------------------------------------------
135916503	ID:5	
135966904	ID:5	rp: Packet sent successfully (ACK received), retransmissions: 1
135967137	ID:7	[LOG] Node 07:00 RECEIVED packet from 05:00 originally sent by 05:00 (hops: 1)
135969976	ID:7	App: Recv from 05:00 seqn 3 hops 1
136143391	ID:4	Energest: 8 24510 467017 595 13139
136289489	ID:1	Energest: 8 27967 463560 599 14192
136945440	ID:3	App: Send seqn 3 to 08:00
136950524	ID:3	[LOG] Node 03:00 is SENDING packet to 08:00 via next-hop 08:00
136953998	ID:3	--------------------------------------------------
136956175	ID:3	Routing Table for node 03:00
136960673	ID:3	Parent: 0a:00   |   Metric: 159.00
136964147	ID:3	--------------------------------------------------
136968167	ID:3	   Dest    |  Next Hop |   Type   |  Metric |  Age (ticks)
136971641	ID:3	--------------------------------------------------
136978847	ID:3	 0a:00     | 0a:00     |   PARENT | 9.73 |       1569
136986302	ID:3	 09:00     | 09:00     | NEIGHBOR | 14.51 |       1750
136995258	ID:3	 08:00     | 08:00     |    CHILD | 26.21 |       1731
136998732	ID:3	--------------------------------------------------
136998801	ID:3	
137044443	ID:3	rp: Packet sent successfully (ACK received), retransmissions: 1
137044939	ID:8	[LOG] Node 08:00 RECEIVED packet from 03:00 originally sent by 03:00 (hops: 1)
137047761	ID:8	App: Recv from 03:00 seqn 3 hops 1
138276306	ID:1	App: Send seqn 3 to 02:00
138281407	ID:1	[LOG] Node 01:00 is SENDING packet to 02:00 via next-hop 02:00
138284881	ID:1	--------------------------------------------------
138287058	ID:1	Routing Table for node 01:00
138289704	ID:1	Parent: 00:00   |   Metric: 0.00
138293178	ID:1	--------------------------------------------------
138297197	ID:1	   Dest    |  Next Hop |   Type   |  Metric |  Age (ticks)
138300672	ID:1	--------------------------------------------------
138309406	ID:1	 07:00     | 07:00     |    CHILD | 3.35 |       1694
138316879	ID:1	 05:00     | 05:00     |    CHILD | 13.54 |       2012
138324125	ID:1	 06:00     | 06:00     |    CHILD | 4.58 |       1400
138331580	ID:1	 02:00     | 02:00     |    CHILD | 10.25 |       2022
138341332	ID:1	 0a:00     | 07:00     | DESCENDANT | 4095.93 |      17547
138349486	ID:1	 03:00     | 07:00     | DESCENDANT | 4095.93 |      17548
138357640	ID:1	 09:00     | 07:00     | DESCENDANT | 4095.93 |      17549
138366601	ID:1	 08:00     | 07:00     | DESCENDANT | 4095.93 |      17550
138375700	ID:1	 04:00     | 06:00     | DESCENDANT | 4095.93 |      17552
138379174	ID:1	--------------------------------------------------
138379243	ID:1	
138420120	ID:1	rp: Packet sent successfully (ACK received), retransmissions: 1
138420494	ID:2	[LOG] Node 02:00 RECEIVED packet from 01:00 originally sent by 01:00 (hops: 1)
138423316	ID:2	App: Recv from 01:00 seqn 3 hops 1
141450300	ID:2	App: Send seqn 3 to 09:00
141455411	ID:2	[LOG] Node 02:00 is SENDING packet to 09:00 via next-hop 01:00
141458885	ID:2	--------------------------------------------------
141461062	ID:2	Routing Table for node 02:00
141463852	ID:2	Parent: 01:00   |   Metric: 82.00
141467326	ID:2	--------------------------------------------------
141472820	ID:2	   Dest    |  Next Hop |   Type   |  Metric |  Age (ticks)
141476295	ID:2	--------------------------------------------------
141482804	ID:2	 01:00     | 01:00     |   PARENT | 5.13 |        391
141490106	ID:2	 07:00     | 07:00     | NEIGHBOR | 8.84 |       2409
141497337	ID:2	 05:00     | 05:00     | NEIGHBOR | 8.31 |       2421
141506310	ID:2	 06:00     | 06:00     | NEIGHBOR | 11.40 |       2435
141509789	ID:2	--------------------------------------------------
141509857	ID:2	
141534487	ID:1	[LOG] Node 01:00 RECEIVED packet from 02:00 originally sent by 02:00 (hops: 1)
141535529	ID:2	rp: Packet sent successfully (ACK received), retransmissions: 1
141541962	ID:1	[LOG] Node 01:00 is FORWARDING packet from 02:00 to destination 09:00 via next-hop 07:00
141545437	ID:1	--------------------------------------------------
141547613	ID:1	Routing Table for node 01:00
141550259	ID:1	Parent: 00:00   |   Metric: 0.00
141555202	ID:1	--------------------------------------------------
141559262	ID:1	   Dest    |  Next Hop |   Type   |  Metric |  Age (ticks)
141560352	ID:8	App: Send seqn 3 to 05:00
141562737	ID:1	--------------------------------------------------
141566906	ID:8	[LOG] Node 08:00 is SENDING packet to 05:00 via next-hop 03:00
141569929	ID:1	 07:00     | 07:00     |    CHILD | 3.35 |       2112
141570380	ID:8	--------------------------------------------------
141572557	ID:8	Routing Table for node 08:00
141575486	ID:8	Parent: 03:00   |   Metric: 300.00
141577315	ID:1	 05:00     | 05:00     |    CHILD | 13.54 |       2430
141578960	ID:8	--------------------------------------------------
141582980	ID:8	   Dest    |  Next Hop |   Type   |  Metric |  Age (ticks)
141585419	ID:1	 06:00     | 06:00     |    CHILD | 4.58 |       1818
141586455	ID:8	--------------------------------------------------
141592734	ID:1	 02:00     | 02:00     |    CHILD | 9.91 |          7
141593582	ID:8	 03:00     | 03:00     |   PARENT | 18.76 |        581
141600908	ID:1	 0a:00     | 07:00     | DESCENDANT | 4095.93 |      17965
141602646	ID:8	 09:00     | 09:00     | NEIGHBOR | 17.23 |       2343
141606123	ID:8	--------------------------------------------------
141606192	ID:8	
141608994	ID:1	 03:00     | 07:00     | DESCENDANT | 4095.93 |      17966
141618695	ID:1	 09:00     | 07:00     | DESCENDANT | 4095.93 |      17967
141626844	ID:1	 08:00     | 07:00     | DESCENDANT | 4095.93 |      17968
141634907	ID:1	 04:00     | 06:00     | DESCENDANT | 4095.93 |      17969
141638381	ID:1	--------------------------------------------------
141638449	ID:1	
141691850	ID:3	[LOG] Node 03:00 RECEIVED packet from 08:00 originally sent by 08:00 (hops: 1)
141692865	ID:8	rp: Packet sent successfully (ACK received), retransmissions: 2
141699079	ID:3	[LOG] Node 03:00 is FORWARDING packet from 08:00 to destination 05:00 via next-hop 0a:00
141702554	ID:3	--------------------------------------------------
141704730	ID:3	Routing Table for node 03:00
141707658	ID:3	Parent: 0a:00   |   Metric: 159.00
141712648	ID:3	--------------------------------------------------
141716667	ID:3	   Dest    |  Next Hop |   Type   |  Metric |  Age (ticks)
141717076	ID:1	rp: Packet sent successfully (ACK received), retransmissions: 2
141717738	ID:7	[LOG] Node 07:00 RECEIVED packet from 01:00 originally sent by 02:00 (hops: 2)
141720141	ID:3	--------------------------------------------------
141725071	ID:7	[LOG] Node 07:00 is FORWARDING packet from 02:00 to destination 09:00 via next-hop 0a:00
141727412	ID:3	 0a:00     | 0a:00     |   PARENT | 9.73 |       2177
141728545	ID:7	--------------------------------------------------
141730746	ID:7	Routing Table for node 07:00
141733519	ID:7	Parent: 01:00   |   Metric: 27.00
141734780	ID:3	 09:00     | 09:00     | NEIGHBOR | 14.51 |       2358
141738478	ID:7	--------------------------------------------------
141742497	ID:7	   Dest    |  Next Hop |   Type   |  Metric |  Age (ticks)
141742945	ID:3	 08:00     | 08:00     |    CHILD | 25.63 |          6
141745971	ID:7	--------------------------------------------------
141746420	ID:3	--------------------------------------------------
141746487	ID:3	
141751916	ID:7	 01:00     | 01:00     |   PARENT | 1.69 |          4
141759111	ID:7	 05:00     | 05:00     | NEIGHBOR | 16.41 |        741
141766452	ID:7	 06:00     | 06:00     | NEIGHBOR | 9.96 |       2467
141775556	ID:7	 02:00     | 02:00     | NEIGHBOR | 11.22 |       2464
141775772	ID:10	[LOG] Node 0a:00 RECEIVED packet from 03:00 originally sent by 08:00 (hops: 2)
141777174	ID:3	rp: Packet sent successfully (ACK received), retransmissions: 1
141783014	ID:7	 0a:00     | 0a:00     |    CHILD | 11.22 |       2164
141783091	ID:10	[LOG] Node 0a:00 is FORWARDING packet from 08:00 to destination 05:00 via next-hop 07:00
141786565	ID:10	--------------------------------------------------
141788743	ID:10	Routing Table for node 0a:00
141791163	ID:7	 03:00     | 0a:00     | DESCENDANT | 4095.93 |      18094
141791517	ID:10	Parent: 07:00   |   Metric: 96.00
141795747	ID:10	--------------------------------------------------
141800493	ID:10	   Dest    |  Next Hop |   Type   |  Metric |  Age (ticks)
141800864	ID:7	 09:00     | 0a:00     | DESCENDANT | 4095.93 |      18095
141803968	ID:10	--------------------------------------------------
141809120	ID:7	 08:00     | 0a:00     | DESCENDANT | 4095.93 |      18096
141811162	ID:10	 07:00     | 07:00     |   PARENT | 5.76 |       2168
141812593	ID:7	--------------------------------------------------
141812662	ID:7	
141817728	ID:10	 03:00     | 03:00     |    CHILD | 13.90 |          5
141825192	ID:10	 09:00     | 09:00     |    CHILD | 18.97 |       2370
141834732	ID:10	 08:00     | 03:00     | DESCENDANT | 4095.93 |      18068
141837236	ID:7	rp: Packet sent successfully (ACK received), retransmissions: 1
141838206	ID:10	--------------------------------------------------
141838274	ID:10	
141850275	ID:10	[LOG] Node 0a:00 RECEIVED packet from 07:00 originally sent by 02:00 (hops: 3)
141858410	ID:10	[LOG] Node 0a:00 is FORWARDING packet from 02:00 to destination 09:00 via next-hop 09:00
141862585	ID:10	--------------------------------------------------
141864762	ID:10	Routing Table for node 0a:00
141867612	ID:10	Parent: 07:00   |   Metric: 96.00
141871087	ID:10	--------------------------------------------------
141875105	ID:10	   Dest    |  Next Hop |   Type   |  Metric |  Age (ticks)
141878580	ID:10	--------------------------------------------------
141884935	ID:10	 07:00     | 07:00     |   PARENT | 5.76 |          3
141893337	ID:10	 03:00     | 03:00     |    CHILD | 13.90 |         14
141900710	ID:10	 09:00     | 09:00     |    CHILD | 18.97 |       2379
141908859	ID:10	 08:00     | 03:00     | DESCENDANT | 4095.93 |      18077
141912333	ID:10	--------------------------------------------------
141912402	ID:10	
141954491	ID:9	[LOG] Node 09:00 RECEIVED packet from 0a:00 originally sent by 02:00 (hops: 4)
141955590	ID:10	rp: Packet sent successfully (ACK received), retransmissions: 1
141957313	ID:9	App: Recv from 02:00 seqn 3 hops 4
141997129	ID:10	rp: Packet sent successfully (ACK received), retransmissions: 1
141997671	ID:7	[LOG] Node 07:00 RECEIVED packet from 0a:00 originally sent by 08:00 (hops: 3)
142004996	ID:7	[LOG] Node 07:00 is FORWARDING packet from 08:00 to destination 05:00 via next-hop 05:00
142008470	ID:7	--------------------------------------------------
142010738	ID:7	Routing Table for node 07:00
142013511	ID:7	Parent: 01:00   |   Metric: 27.00
142016985	ID:7	--------------------------------------------------
142022475	ID:7	   Dest    |  Next Hop |   Type   |  Metric |  Age (ticks)
142025949	ID:7	--------------------------------------------------
142032172	ID:7	 01:00     | 01:00     |   PARENT | 1.69 |         40
142039368	ID:7	 05:00     | 05:00     | NEIGHBOR | 16.41 |        776
142046711	ID:7	 06:00     | 06:00     | NEIGHBOR | 9.96 |       2502
142055739	ID:7	 02:00     | 02:00     | NEIGHBOR | 11.22 |       2499
142062364	ID:7	 0a:00     | 0a:00     |    CHILD | 10.89 |          7
142070422	ID:7	 03:00     | 0a:00     | DESCENDANT | 4095.93 |      18129
142078575	ID:7	 09:00     | 0a:00     | DESCENDANT | 4095.93 |      18130
142088388	ID:7	 08:00     | 0a:00     | DESCENDANT | 4095.93 |      18131
142091862	ID:7	--------------------------------------------------
142091930	ID:7	
142137473	ID:7	rp: Packet sent successfully (ACK received), retransmissions: 1
142137811	ID:5	[LOG] Node 05:00 RECEIVED packet from 07:00 originally sent by 08:00 (hops: 4)
142140651	ID:5	App: Recv from 08:00 seqn 3 hops 4
142403069	ID:4	App: Send seqn 3 to 07:00
142409578	ID:4	[LOG] Node 04:00 is SENDING packet to 07:00 via next-hop 06:00
142413062	ID:4	--------------------------------------------------
142415238	ID:4	Routing Table for node 04:00
142418168	ID:4	Parent: 06:00   |   Metric: 108.00
142421642	ID:4	--------------------------------------------------
142425674	ID:4	   Dest    |  Next Hop |   Type   |  Metric |  Age (ticks)
142429149	ID:4	--------------------------------------------------
142436422	ID:4	 06:00     | 06:00     |   PARENT | 6.77 |       2554
142441418	ID:4	--------------------------------------------------
142441487	ID:4	
142480042	ID:4	rp: Packet sent successfully (ACK received), retransmissions: 1
142480636	ID:6	[LOG] Node 06:00 RECEIVED packet from 04:00 originally sent by 04:00 (hops: 1)
142487960	ID:6	[LOG] Node 06:00 is FORWARDING packet from 04:00 to destination 07:00 via next-hop 07:00
142491435	ID:6	--------------------------------------------------
142493610	ID:6	Routing Table for node 06:00
142496384	ID:6	Parent: 01:00   |   Metric: 34.00
142501335	ID:6	--------------------------------------------------
142505354	ID:6	   Dest    |  Next Hop |   Type   |  Metric |  Age (ticks)
142508830	ID:6	--------------------------------------------------
142515614	ID:6	 01:00     | 01:00     |   PARENT | 2.08 |       1937
142522881	ID:6	 07:00     | 07:00     | NEIGHBOR | 9.52 |       2542
142531724	ID:6	 02:00     | 02:00     | NEIGHBOR | 14.40 |       2559
142538382	ID:6	 04:00     | 04:00     |    CHILD | 12.12 |          7
142541856	ID:6	--------------------------------------------------
142541924	ID:6	
142592781	ID:7	[LOG] Node 07:00 RECEIVED packet from 06:00 originally sent by 04:00 (hops: 2)
142593073	ID:6	rp: Packet sent successfully (ACK received), retransmissions: 1
142595638	ID:7	App: Recv from 04:00 seqn 3 hops 2
146696458	ID:9	App: Send seqn 3 to 0a:00
146701509	ID:9	[LOG] Node 09:00 is SENDING packet to 0a:00 via next-hop 0a:00
146704984	ID:9	--------------------------------------------------
146707161	ID:9	Routing Table for node 09:00
146710089	ID:9	Parent: 0a:00   |   Metric: 196.00
146713563	ID:9	--------------------------------------------------
146717597	ID:9	   Dest    |  Next Hop |   Type   |  Metric |  Age (ticks)
146721072	ID:9	--------------------------------------------------
146729758	ID:9	 0a:00     | 0a:00     |   PARENT | 12.23 |        610
146737240	ID:9	 03:00     | 03:00     | NEIGHBOR | 12.19 |       3016
146744640	ID:9	 08:00     | 08:00     | NEIGHBOR | 23.73 |       2981
146748114	ID:9	--------------------------------------------------
146748183	ID:9	
146774620	ID:9	rp: Packet sent successfully (ACK received), retransmissions: 1
146775227	ID:10	[LOG] Node 0a:00 RECEIVED packet from 09:00 originally sent by 09:00 (hops: 1)
146778085	ID:10	App: Recv from 09:00 seqn 3 hops 1
147509211	ID:10	App: Send seqn 3 to 01:00
147515858	ID:10	[LOG] Node 0a:00 is SENDING packet to 01:00 via next-hop 07:00
147519334	ID:10	--------------------------------------------------
147521511	ID:10	Routing Table for node 0a:00
147524286	ID:10	Parent: 07:00   |   Metric: 96.00
147527760	ID:10	--------------------------------------------------
147531779	ID:10	   Dest    |  Next Hop |   Type   |  Metric |  Age (ticks)
147535254	ID:10	--------------------------------------------------
147542257	ID:10	 07:00     | 07:00     |   PARENT | 5.76 |        727
147550962	ID:10	 03:00     | 03:00     |    CHILD | 13.90 |        738
147557759	ID:10	 09:00     | 09:00     |    CHILD | 18.04 |         99
147565909	ID:10	 08:00     | 03:00     | DESCENDANT | 4095.93 |      18801
147569383	ID:10	--------------------------------------------------
147569451	ID:10	
147591263	ID:10	rp: Packet sent successfully (ACK received), retransmissions: 1
147591575	ID:7	[LOG] Node 07:00 RECEIVED packet from 0a:00 originally sent by 0a:00 (hops: 1)
147598884	ID:7	[LOG] Node 07:00 is FORWARDING packet from 0a:00 to destination 01:00 via next-hop 01:00
147602359	ID:7	--------------------------------------------------
147604540	ID:7	Routing Table for node 07:00
147607313	ID:7	Parent: 01:00   |   Metric: 27.00
147610787	ID:7	--------------------------------------------------
147616339	ID:7	   Dest    |  Next Hop |   Type   |  Metric |  Age (ticks)
147619813	ID:7	--------------------------------------------------
147626320	ID:7	 01:00     | 01:00     |   PARENT | 1.69 |        756
147633526	ID:7	 05:00     | 05:00     | NEIGHBOR | 15.60 |        703
147640582	ID:7	 06:00     | 06:00     | NEIGHBOR | 9.96 |        645
147649576	ID:7	 02:00     | 02:00     | NEIGHBOR | 11.22 |       3215
147656201	ID:7	 0a:00     | 0a:00     |    CHILD | 10.89 |          7
147664311	ID:7	 03:00     | 0a:00     | DESCENDANT | 4095.93 |      18845
147672451	ID:7	 09:00     | 0a:00     | DESCENDANT | 4095.93 |      18846
147682262	ID:7	 08:00     | 0a:00     | DESCENDANT | 4095.93 |      18847
147685737	ID:7	--------------------------------------------------
147685804	ID:7	
147721858	ID:7	rp: Packet sent successfully (ACK received), retransmissions: 1
147722483	ID:1	[LOG] Node 01:00 RECEIVED packet from 07:00 originally sent by 0a:00 (hops: 2)
147725307	ID:1	App: Recv from 0a:00 seqn 3 hops 2
149072429	ID:6	App: Send seqn 3 to 01:00
149077558	ID:6	[LOG] Node 06:00 is SENDING packet to 01:00 via next-hop 01:00
149081033	ID:6	--------------------------------------------------
149083210	ID:6	Routing Table for node 06:00
149085983	ID:6	Parent: 01:00   |   Metric: 34.00
149089457	ID:6	--------------------------------------------------
149094947	ID:6	   Dest    |  Next Hop |   Type   |  Metric |  Age (ticks)
149098422	ID:6	--------------------------------------------------
149105146	ID:6	 01:00     | 01:00     |   PARENT | 2.08 |       2780
149112249	ID:6	 07:00     | 07:00     | NEIGHBOR | 8.84 |        833
149119627	ID:6	 02:00     | 02:00     | NEIGHBOR | 14.40 |       3402
149128364	ID:6	 04:00     | 04:00     |    CHILD | 12.12 |        850
149131838	ID:6	--------------------------------------------------
149131915	ID:6	
149158929	ID:1	[LOG] Node 01:00 RECEIVED packet from 06:00 originally sent by 06:00 (hops: 1)
149159998	ID:6	rp: Packet sent successfully (ACK received), retransmissions: 1
149161786	ID:1	App: Recv from 06:00 seqn 3 hops 1
149396497	ID:7	App: Send seqn 3 to 07:00
149401597	ID:7	[LOG] Node 07:00 is SENDING packet to 07:00 via next-hop 01:00
149405071	ID:7	--------------------------------------------------
149407248	ID:7	Routing Table for node 07:00
149410020	ID:7	Parent: 01:00   |   Metric: 27.00
149413494	ID:7	--------------------------------------------------
149417514	ID:7	   Dest    |  Next Hop |   Type   |  Metric |  Age (ticks)
149420989	ID:7	--------------------------------------------------
149429183	ID:7	 01:00     | 01:00     |   PARENT | 1.71 |        217
149436408	ID:7	 05:00     | 05:00     | NEIGHBOR | 15.60 |        933
149443469	ID:7	 06:00     | 06:00     | NEIGHBOR | 9.96 |        876
149450820	ID:7	 02:00     | 02:00     | NEIGHBOR | 11.22 |       3446
149459535	ID:7	 0a:00     | 0a:00     |    CHILD | 10.89 |        238
149467631	ID:7	 03:00     | 0a:00     | DESCENDANT | 4095.93 |      19076
149475716	ID:7	 09:00     | 0a:00     | DESCENDANT | 4095.93 |      19077
149483876	ID:7	 08:00     | 0a:00     | DESCENDANT | 4095.93 |      19078
149488841	ID:7	--------------------------------------------------
149488910	ID:7	
149534341	ID:7	rp: Packet sent successfully (ACK received), retransmissions: 1
149534882	ID:1	[LOG] Node 01:00 RECEIVED packet from 07:00 originally sent by 07:00 (hops: 1)
149542158	ID:1	[LOG] Node 01:00 is FORWARDING packet from 07:00 to destination 07:00 via next-hop 07:00
149545632	ID:1	--------------------------------------------------
149547808	ID:1	Routing Table for node 01:00
149550455	ID:1	Parent: 00:00   |   Metric: 0.00
149555399	ID:1	--------------------------------------------------
149559419	ID:1	   Dest    |  Next Hop |   Type   |  Metric |  Age (ticks)
149562893	ID:1	--------------------------------------------------
149569218	ID:1	 07:00     | 07:00     |    CHILD | 3.38 |          4
149576694	ID:1	 05:00     | 05:00     |    CHILD | 13.54 |       3454
149583468	ID:1	 06:00     | 06:00     |    CHILD | 4.58 |         54
149592466	ID:1	 02:00     | 02:00     |    CHILD | 9.91 |       1030
149600620	ID:1	 0a:00     | 07:00     | DESCENDANT | 4095.93 |      18989
149608789	ID:1	 03:00     | 07:00     | DESCENDANT | 4095.93 |      18990
149618498	ID:1	 09:00     | 07:00     | DESCENDANT | 4095.93 |      18991
149626568	ID:1	 08:00     | 07:00     | DESCENDANT | 4095.93 |      18992
149634723	ID:1	 04:00     | 06:00     | DESCENDANT | 4095.93 |      18993
149638198	ID:1	--------------------------------------------------
149638266	ID:1	
149686294	ID:1	rp: Packet sent successfully (ACK received), retransmissions: 1
149686975	ID:7	[LOG] Node 07:00 RECEIVED packet from 01:00 originally sent by 07:00 (hops: 2)
149689888	ID:7	App: Recv from 07:00 seqn 3 hops 2
150359400	ID:6	Energest: 9 27468 464045 825 14829
150394584	ID:8	Energest: 9 24511 467002 1147 14022
150412439	ID:3	Energest: 9 25492 466021 779 14332
150424780	ID:2	Energest: 9 22848 468665 137 14322
150472313	ID:7	Energest: 9 39694 451819 1602 15835
150518226	ID:5	Energest: 9 22720 468793 642 14327
150718423	ID:10	Energest: 9 30890 460623 1056 15452
150803169	ID:9	Energest: 9 23292 468221 182 13890
151143176	ID:4	Energest: 9 22130 469383 414 13526
151289622	ID:1	Energest: 9 35822 455691 2066 15688
165358958	ID:6	Energest: 10 20466 471057 0 12960
165393758	ID:8	Energest: 10 20478 471045 0 12960
165411999	ID:3	Energest: 10 20521 471003 0 12960
165424331	ID:2	Energest: 10 20466 471057 0 12960
165471530	ID:7	Energest: 10 20538 470986 0 12960
165517774	ID:5	Energest: 10 20466 471057 0 12960
165717637	ID:10	Energest: 10 20567 470957 0 12960
165802740	ID:9	Energest: 10 20520 471004 0 12960
166142746	ID:4	Energest: 10 20517 471007 0 12960
166288819	ID:1	Energest: 10 20478 471045 0 12960
166622478	ID:7	App: Send seqn 4 to 01:00
166627607	ID:7	[LOG] Node 07:00 is SENDING packet to 01:00 via next-hop 01:00
166631082	ID:7	--------------------------------------------------
166633259	ID:7	Routing Table for node 07:00
166636031	ID:7	Parent: 01:00   |   Metric: 27.00
166639505	ID:7	--------------------------------------------------
166644955	ID:7	   Dest    |  Next Hop |   Type   |  Metric |  Age (ticks)
166648430	ID:7	--------------------------------------------------
166655247	ID:7	 01:00     | 01:00     |   PARENT | 1.73 |       2171
166662736	ID:7	 05:00     | 05:00     | NEIGHBOR | 15.60 |       3138
166669989	ID:7	 06:00     | 06:00     | NEIGHBOR | 9.96 |       3081
166678909	ID:7	 02:00     | 02:00     | NEIGHBOR | 11.22 |       5651
166686372	ID:7	 0a:00     | 0a:00     |    CHILD | 10.89 |       2443
166694455	ID:7	 03:00     | 0a:00     | DESCENDANT | 4095.93 |      21281
166702603	ID:7	 09:00     | 0a:00     | DESCENDANT | 4095.93 |      21282
166712307	ID:7	 08:00     | 0a:00     | DESCENDANT | 4095.93 |      21283
166715805	ID:7	--------------------------------------------------
166715874	ID:7	
166751856	ID:7	rp: Packet sent successfully (ACK received), retransmissions: 1
166752339	ID:1	[LOG] Node 01:00 RECEIVED packet from 07:00 originally sent by 07:00 (hops: 1)
166755161	ID:1	App: Recv from 07:00 seqn 4 hops 1
168340925	ID:2	App: Send seqn 4 to 07:00
168347619	ID:2	[LOG] Node 02:00 is SENDING packet to 07:00 via next-hop 07:00
168351094	ID:2	--------------------------------------------------
168353271	ID:2	Routing Table for node 02:00
168356044	ID:2	Parent: 01:00   |   Metric: 82.00
168359519	ID:2	--------------------------------------------------
168363539	ID:2	   Dest    |  Next Hop |   Type   |  Metric |  Age (ticks)
168367013	ID:2	--------------------------------------------------
168373807	ID:2	 01:00     | 01:00     |   PARENT | 4.78 |       3434
168382767	ID:2	 07:00     | 07:00     | NEIGHBOR | 8.84 |       5851
168390163	ID:2	 05:00     | 05:00     | NEIGHBOR | 8.31 |       5863
168397571	ID:2	 06:00     | 06:00     | NEIGHBOR | 11.40 |       5877
168401045	ID:2	--------------------------------------------------
168401114	ID:2	
168403119	ID:5	App: Send seqn 4 to 05:00
168409760	ID:5	[LOG] Node 05:00 is SENDING packet to 05:00 via next-hop 01:00
168413234	ID:5	--------------------------------------------------
168415410	ID:5	Routing Table for node 05:00
168418336	ID:5	Parent: 01:00   |   Metric: 117.00
168421811	ID:5	--------------------------------------------------
168425830	ID:5	   Dest    |  Next Hop |   Type   |  Metric |  Age (ticks)
168429305	ID:5	--------------------------------------------------
168434726	ID:2	rp: Packet sent successfully (ACK received), retransmissions: 1
168435388	ID:7	[LOG] Node 07:00 RECEIVED packet from 02:00 originally sent by 02:00 (hops: 1)
168436086	ID:5	 01:00     | 01:00     |   PARENT | 7.31 |       5902
168438263	ID:7	App: Recv from 02:00 seqn 4 hops 1
168445003	ID:5	 07:00     | 07:00     | NEIGHBOR | 8.70 |       3366
168452313	ID:5	 02:00     | 02:00     | NEIGHBOR | 6.12 |       5876
168455787	ID:5	--------------------------------------------------
168455856	ID:5	
168502108	ID:1	[LOG] Node 01:00 RECEIVED packet from 05:00 originally sent by 05:00 (hops: 1)
168503122	ID:5	rp: Packet sent successfully (ACK received), retransmissions: 1
168509396	ID:1	[LOG] Node 01:00 is FORWARDING packet from 05:00 to destination 05:00 via next-hop 05:00
168512870	ID:1	--------------------------------------------------
168515138	ID:1	Routing Table for node 01:00
168517784	ID:1	Parent: 00:00   |   Metric: 0.00
168521259	ID:1	--------------------------------------------------
168526785	ID:1	   Dest    |  Next Hop |   Type   |  Metric |  Age (ticks)
168530260	ID:1	------------